Archive member included to satisfy reference by file (symbol)

c:/nxp/mcuxpressoide_10.2.1_795/ide/tools/bin/../lib/gcc/arm-none-eabi/7.2.1/thumb/v6-m\libgcc.a(_udivsi3.o)
                              ./source/servo_driver.o (__aeabi_uidiv)
c:/nxp/mcuxpressoide_10.2.1_795/ide/tools/bin/../lib/gcc/arm-none-eabi/7.2.1/thumb/v6-m\libgcc.a(_divsi3.o)
                              ./source/rpm_detect.o (__aeabi_idiv)
c:/nxp/mcuxpressoide_10.2.1_795/ide/tools/bin/../lib/gcc/arm-none-eabi/7.2.1/thumb/v6-m\libgcc.a(_dvmd_tls.o)
                              c:/nxp/mcuxpressoide_10.2.1_795/ide/tools/bin/../lib/gcc/arm-none-eabi/7.2.1/thumb/v6-m\libgcc.a(_udivsi3.o) (__aeabi_idiv0)
c:/nxp/mcuxpressoide_10.2.1_795/ide/tools/bin/../lib/gcc/arm-none-eabi/7.2.1/thumb/v6-m\libgcc.a(_arm_cmpdf2.o)
                              ./source/pidkl25cpp.o (__aeabi_dcmplt)
c:/nxp/mcuxpressoide_10.2.1_795/ide/tools/bin/../lib/gcc/arm-none-eabi/7.2.1/thumb/v6-m\libgcc.a(_fixunssfsi.o)
                              ./source/pidkl25cpp.o (__aeabi_f2uiz)
c:/nxp/mcuxpressoide_10.2.1_795/ide/tools/bin/../lib/gcc/arm-none-eabi/7.2.1/thumb/v6-m\libgcc.a(subsf3.o)
                              c:/nxp/mcuxpressoide_10.2.1_795/ide/tools/bin/../lib/gcc/arm-none-eabi/7.2.1/thumb/v6-m\libgcc.a(_fixunssfsi.o) (__aeabi_fsub)
c:/nxp/mcuxpressoide_10.2.1_795/ide/tools/bin/../lib/gcc/arm-none-eabi/7.2.1/thumb/v6-m\libgcc.a(fixsfsi.o)
                              c:/nxp/mcuxpressoide_10.2.1_795/ide/tools/bin/../lib/gcc/arm-none-eabi/7.2.1/thumb/v6-m\libgcc.a(_fixunssfsi.o) (__aeabi_f2iz)
c:/nxp/mcuxpressoide_10.2.1_795/ide/tools/bin/../lib/gcc/arm-none-eabi/7.2.1/thumb/v6-m\libgcc.a(adddf3.o)
                              ./source/pidkl25cpp.o (__aeabi_dadd)
c:/nxp/mcuxpressoide_10.2.1_795/ide/tools/bin/../lib/gcc/arm-none-eabi/7.2.1/thumb/v6-m\libgcc.a(divdf3.o)
                              ./source/pidkl25cpp.o (__aeabi_ddiv)
c:/nxp/mcuxpressoide_10.2.1_795/ide/tools/bin/../lib/gcc/arm-none-eabi/7.2.1/thumb/v6-m\libgcc.a(eqdf2.o)
                              c:/nxp/mcuxpressoide_10.2.1_795/ide/tools/bin/../lib/gcc/arm-none-eabi/7.2.1/thumb/v6-m\libgcc.a(_arm_cmpdf2.o) (__eqdf2)
c:/nxp/mcuxpressoide_10.2.1_795/ide/tools/bin/../lib/gcc/arm-none-eabi/7.2.1/thumb/v6-m\libgcc.a(gedf2.o)
                              c:/nxp/mcuxpressoide_10.2.1_795/ide/tools/bin/../lib/gcc/arm-none-eabi/7.2.1/thumb/v6-m\libgcc.a(_arm_cmpdf2.o) (__gedf2)
c:/nxp/mcuxpressoide_10.2.1_795/ide/tools/bin/../lib/gcc/arm-none-eabi/7.2.1/thumb/v6-m\libgcc.a(ledf2.o)
                              c:/nxp/mcuxpressoide_10.2.1_795/ide/tools/bin/../lib/gcc/arm-none-eabi/7.2.1/thumb/v6-m\libgcc.a(_arm_cmpdf2.o) (__ledf2)
c:/nxp/mcuxpressoide_10.2.1_795/ide/tools/bin/../lib/gcc/arm-none-eabi/7.2.1/thumb/v6-m\libgcc.a(muldf3.o)
                              ./source/pidkl25cpp.o (__aeabi_dmul)
c:/nxp/mcuxpressoide_10.2.1_795/ide/tools/bin/../lib/gcc/arm-none-eabi/7.2.1/thumb/v6-m\libgcc.a(subdf3.o)
                              ./source/pidkl25cpp.o (__aeabi_dsub)
c:/nxp/mcuxpressoide_10.2.1_795/ide/tools/bin/../lib/gcc/arm-none-eabi/7.2.1/thumb/v6-m\libgcc.a(floatsidf.o)
                              ./source/pidkl25cpp.o (__aeabi_i2d)
c:/nxp/mcuxpressoide_10.2.1_795/ide/tools/bin/../lib/gcc/arm-none-eabi/7.2.1/thumb/v6-m\libgcc.a(truncdfsf2.o)
                              ./source/pidkl25cpp.o (__aeabi_d2f)
c:/nxp/mcuxpressoide_10.2.1_795/ide/tools/bin/../lib/gcc/arm-none-eabi/7.2.1/thumb/v6-m\libgcc.a(unwind-arm.o)
                              ./startup/startup_mkl25z4.o (__aeabi_unwind_cpp_pr0)
c:/nxp/mcuxpressoide_10.2.1_795/ide/tools/bin/../lib/gcc/arm-none-eabi/7.2.1/thumb/v6-m\libgcc.a(libunwind.o)
                              c:/nxp/mcuxpressoide_10.2.1_795/ide/tools/bin/../lib/gcc/arm-none-eabi/7.2.1/thumb/v6-m\libgcc.a(unwind-arm.o) (restore_core_regs)
c:/nxp/mcuxpressoide_10.2.1_795/ide/tools/bin/../lib/gcc/arm-none-eabi/7.2.1/thumb/v6-m\libgcc.a(pr-support.o)
                              c:/nxp/mcuxpressoide_10.2.1_795/ide/tools/bin/../lib/gcc/arm-none-eabi/7.2.1/thumb/v6-m\libgcc.a(unwind-arm.o) (__gnu_unwind_execute)
c:/nxp/mcuxpressoide_10.2.1_795/ide/tools/bin/../lib/gcc/arm-none-eabi/7.2.1/thumb/v6-m\libgcc.a(_arm_cmpsf2.o)
                              c:/nxp/mcuxpressoide_10.2.1_795/ide/tools/bin/../lib/gcc/arm-none-eabi/7.2.1/thumb/v6-m\libgcc.a(_fixunssfsi.o) (__aeabi_fcmpge)
c:/nxp/mcuxpressoide_10.2.1_795/ide/tools/bin/../lib/gcc/arm-none-eabi/7.2.1/thumb/v6-m\libgcc.a(_clzsi2.o)
                              c:/nxp/mcuxpressoide_10.2.1_795/ide/tools/bin/../lib/gcc/arm-none-eabi/7.2.1/thumb/v6-m\libgcc.a(subsf3.o) (__clzsi2)
c:/nxp/mcuxpressoide_10.2.1_795/ide/tools/bin/../lib/gcc/arm-none-eabi/7.2.1/thumb/v6-m\libgcc.a(eqsf2.o)
                              c:/nxp/mcuxpressoide_10.2.1_795/ide/tools/bin/../lib/gcc/arm-none-eabi/7.2.1/thumb/v6-m\libgcc.a(_arm_cmpsf2.o) (__eqsf2)
[...]
Memory Configuration

Name             Origin             Length             Attributes
PROGRAM_FLASH    0x00000000         0x00020000         xr
SRAM             0x1ffff000         0x00004000         xrw
*default*        0x00000000         0xffffffff

Linker script and memory map

LOAD ./utilities/fsl_debug_console.o
LOAD ./startup/startup_mkl25z4.o
LOAD ./source/mtb.o
LOAD ./source/pidkl25cpp.o
LOAD ./source/rpm_detect.o
LOAD ./source/semihost_hardfault.o
LOAD ./source/servo_driver.o
LOAD ./freertos/croutine.o
LOAD ./freertos/event_groups.o
LOAD ./freertos/fsl_tickless_lptmr.o
LOAD ./freertos/fsl_tickless_systick.o
LOAD ./freertos/heap_4.o
LOAD ./freertos/list.o
LOAD ./freertos/port.o
LOAD ./freertos/queue.o
LOAD ./freertos/tasks.o
LOAD ./freertos/timers.o
LOAD ./drivers/fsl_clock.o
LOAD ./drivers/fsl_common.o
LOAD ./drivers/fsl_flash.o
LOAD ./drivers/fsl_gpio.o
LOAD ./drivers/fsl_lpsci.o
LOAD ./drivers/fsl_lpsci_freertos.o
LOAD ./drivers/fsl_smc.o
LOAD ./drivers/fsl_uart.o
LOAD ./drivers/fsl_uart_freertos.o
LOAD ./board/board.o
LOAD ./board/clock_config.o
LOAD ./board/peripherals.o
LOAD ./board/pin_mux.o
LOAD ./CMSIS/system_MKL25Z4.o
START GROUP
LOAD c:/nxp/mcuxpressoide_10.2.1_795/ide/tools/bin/../lib/gcc/arm-none-eabi/7.2.1/thumb/v6-m\libgcc.a
LOAD c:/nxp/mcuxpressoide_10.2.1_795/ide/tools/bin/../lib/gcc/arm-none-eabi/7.2.1/../../../../arm-none-eabi/lib/thumb/v6-m\libc_nano.a
LOAD c:/nxp/mcuxpressoide_10.2.1_795/ide/tools/bin/../lib/gcc/arm-none-eabi/7.2.1/../../../../arm-none-eabi/lib/thumb/v6-m\libstdc++_nano.a
LOAD c:/nxp/mcuxpressoide_10.2.1_795/ide/tools/bin/../lib/gcc/arm-none-eabi/7.2.1/../../../../arm-none-eabi/lib/thumb/v6-m\libm.a
LOAD c:/nxp/mcuxpressoide_10.2.1_795/ide/tools/bin/../lib/gcc/arm-none-eabi/7.2.1/../../../../arm-none-eabi/lib/thumb/v6-m\libcr_newlib_semihost.a
LOAD c:/nxp/mcuxpressoide_10.2.1_795/ide/tools/bin/../lib/gcc/arm-none-eabi/7.2.1/thumb/v6-m\crti.o
LOAD c:/nxp/mcuxpressoide_10.2.1_795/ide/tools/bin/../lib/gcc/arm-none-eabi/7.2.1/thumb/v6-m\crtn.o
LOAD c:/nxp/mcuxpressoide_10.2.1_795/ide/tools/bin/../lib/gcc/arm-none-eabi/7.2.1/thumb/v6-m\crtbegin.o
LOAD c:/nxp/mcuxpressoide_10.2.1_795/ide/tools/bin/../lib/gcc/arm-none-eabi/7.2.1/thumb/v6-m\crtend.o
END GROUP
                0x00000000                __base_PROGRAM_FLASH = 0x0
                0x00000000                __base_Flash = 0x0
                0x00020000                __top_PROGRAM_FLASH = 0x20000
                0x00020000                __top_Flash = 0x20000
                0x1ffff000                __base_SRAM = 0x1ffff000
                0x1ffff000                __base_RAM = 0x1ffff000
                0x20003000                __top_SRAM = 0x20003000
                0x20003000                __top_RAM = 0x20003000

.text           0x00000000     0x9e50
 FILL mask 0xff
                0x00000000                __vectors_start__ = ABSOLUTE (.)
 *(.isr_vector)
 .isr_vector    0x00000000       0xc0 ./startup/startup_mkl25z4.o
                0x00000000                g_pfnVectors
                0x00000000                __Vectors
                0x000000c0                . = ALIGN (0x4)
                0x000000c0                __section_table_start = .
                0x000000c0                __data_section_table = .
                0x000000c0        0x4 LONG 0x9fc4 LOADADDR (.data)
                0x000000c4        0x4 LONG 0x1ffff080 ADDR (.data)
                0x000000c8        0x4 LONG 0x210 SIZEOF (.data)
                0x000000cc                __data_section_table_end = .
                0x000000cc                __bss_section_table = .
                0x000000cc        0x4 LONG 0x1ffff290 ADDR (.bss)
                0x000000d0        0x4 LONG 0x2aa4 SIZEOF (.bss)
                0x000000d4                __bss_section_table_end = .
                0x000000d4                __section_table_end = .
 *(.after_vectors*)
 .after_vectors.init_data
                0x000000d4       0x16 ./startup/startup_mkl25z4.o
                0x000000d4                data_init(unsigned int, unsigned int, unsigned int)
 .after_vectors.init_bss
                0x000000ea       0x12 ./startup/startup_mkl25z4.o
                0x000000ea                bss_init(unsigned int, unsigned int)
 .after_vectors.reset
                0x000000fc       0x50 ./startup/startup_mkl25z4.o
                0x000000fc                ResetISR
 .after_vectors
                0x0000014c      0x10c ./startup/startup_mkl25z4.o
                0x0000014c                NMI_Handler
                0x00000156                I2C0_DriverIRQHandler
                0x00000156                DMA0_DriverIRQHandler
                0x00000156                SPI1_DriverIRQHandler
                0x00000156                LPTMR0_DriverIRQHandler
                0x00000156                Reserved39_DriverIRQHandler
                0x00000156                PIT_DriverIRQHandler
                0x00000156                PORTD_DriverIRQHandler
                0x00000156                DMA2_DriverIRQHandler
                0x00000156                CMP0_DriverIRQHandler
                0x00000156                TPM2_DriverIRQHandler
                0x00000156                ADC0_DriverIRQHandler
                0x00000156                SPI0_DriverIRQHandler
                0x00000156                TSI0_DriverIRQHandler
                0x00000156                RTC_Seconds_DriverIRQHandler
                0x00000156                I2C1_DriverIRQHandler
                0x00000156                DMA1_DriverIRQHandler
                0x00000156                LLWU_DriverIRQHandler
                0x00000156                MCG_DriverIRQHandler
                0x00000156                RTC_DriverIRQHandler
                0x00000156                TPM1_DriverIRQHandler
                0x00000156                PORTA_DriverIRQHandler
                0x00000156                FTFA_DriverIRQHandler
                0x00000156                IntDefaultHandler
                0x00000156                USB0_DriverIRQHandler
                0x00000156                DAC0_DriverIRQHandler
                0x00000156                Reserved45_DriverIRQHandler
                0x00000156                LVD_LVW_DriverIRQHandler
                0x00000156                TPM0_DriverIRQHandler
                0x00000156                DMA3_DriverIRQHandler
                0x00000156                Reserved20_DriverIRQHandler
                0x00000158                DMA0_IRQHandler
                0x00000160                DMA1_IRQHandler
                0x00000168                DMA2_IRQHandler
                0x00000170                DMA3_IRQHandler
                0x00000178                Reserved20_IRQHandler
                0x00000180                FTFA_IRQHandler
                0x00000188                LVD_LVW_IRQHandler
                0x00000190                LLWU_IRQHandler
                0x00000198                I2C0_IRQHandler
                0x000001a0                I2C1_IRQHandler
                0x000001a8                SPI0_IRQHandler
                0x000001b0                SPI1_IRQHandler
                0x000001b8                UART0_IRQHandler
                0x000001c0                UART1_IRQHandler
                0x000001c8                UART2_IRQHandler
                0x000001d0                ADC0_IRQHandler
                0x000001d8                CMP0_IRQHandler
                0x000001e0                TPM0_IRQHandler
                0x000001e8                TPM1_IRQHandler
                0x000001f0                TPM2_IRQHandler
                0x000001f8                RTC_IRQHandler
                0x00000200                RTC_Seconds_IRQHandler
                0x00000208                PIT_IRQHandler
                0x00000210                Reserved39_IRQHandler
                0x00000218                USB0_IRQHandler
                0x00000220                DAC0_IRQHandler
                0x00000228                TSI0_IRQHandler
                0x00000230                MCG_IRQHandler
                0x00000238                LPTMR0_IRQHandler
                0x00000240                Reserved45_IRQHandler
                0x00000248                PORTA_IRQHandler
                0x00000250                PORTD_IRQHandler
                0x00000400                . = 0x400
 *fill*         0x00000258      0x1a8 ff
                0x00000400                PROVIDE (__FLASH_CONFIG_START__, .)
 *(.FlashConfig)
 .FlashConfig   0x00000400       0x10 ./startup/startup_mkl25z4.o
                0x00000410                PROVIDE (__FLASH_CONFIG_END__, .)
                0x00000001                ASSERT (! ((__FLASH_CONFIG_START__ == __FLASH_CONFIG_END__)), Linker Flash Config Support Enabled, but no .FlashConfig section provided within application)
 *(.text*)
 .text.UART_EnableTx
                0x00000410       0x40 ./utilities/fsl_debug_console.o
 .text.UART_EnableRx
                0x00000450       0x40 ./utilities/fsl_debug_console.o
 .text.LPSCI_EnableTx
                0x00000490       0x40 ./utilities/fsl_debug_console.o
 .text.LPSCI_EnableRx
                0x000004d0       0x40 ./utilities/fsl_debug_console.o
 .text.DbgConsole_Init
                0x00000510       0xf4 ./utilities/fsl_debug_console.o
                0x00000510                DbgConsole_Init
 .text          0x00000604      0x380 ./source/pidkl25cpp.o
                0x00000604                velPID(int, int)
                0x000008c4                setsp(void*)
                0x000008ec                pid(void*)
                0x00000918                main
 .text          0x00000984      0x2bc ./source/rpm_detect.o
                0x00000acc                TPM1_IRQHandler()
                0x00000b58                init_read_rpm()
                0x00000bec                get_rpm()
 .text.HardFault_Handler
                0x00000c40       0x30 ./source/semihost_hardfault.o
                0x00000c40                HardFault_Handler
 .text          0x00000c70      0x2fc ./source/servo_driver.o
                0x00000d5c                SysTick_Handler()
                0x00000d74                init_pwm()
                0x00000e34                angle_throttle(unsigned int)
                0x00000e74                init_start()
                0x00000eb4                initSystickTmr(unsigned int)
                0x00000efc                start()
 .text.prvSetupTimerInterrupt
                0x00000f6c       0x40 ./freertos/fsl_tickless_lptmr.o
                0x00000f6c                prvSetupTimerInterrupt
 .text.pvPortMalloc
                0x00000fac      0x14c ./freertos/heap_4.o
                0x00000fac                pvPortMalloc
 .text.vPortFree
                0x000010f8       0x90 ./freertos/heap_4.o
                0x000010f8                vPortFree
 .text.prvHeapInit
                0x00001188       0xc0 ./freertos/heap_4.o
 .text.prvInsertBlockIntoFreeList
                0x00001248       0xb0 ./freertos/heap_4.o
 .text.vListInitialise
                0x000012f8       0x3c ./freertos/list.o
                0x000012f8                vListInitialise
 .text.vListInitialiseItem
                0x00001334       0x16 ./freertos/list.o
                0x00001334                vListInitialiseItem
 .text.vListInsertEnd
                0x0000134a       0x44 ./freertos/list.o
                0x0000134a                vListInsertEnd
 .text.vListInsert
                0x0000138e       0x6c ./freertos/list.o
                0x0000138e                vListInsert
 .text.uxListRemove
                0x000013fa       0x50 ./freertos/list.o
                0x000013fa                uxListRemove
 *fill*         0x0000144a        0x2 ff
 .text.pxPortInitialiseStack
                0x0000144c       0x54 ./freertos/port.o
                0x0000144c                pxPortInitialiseStack
 .text.prvTaskExitError
                0x000014a0       0x18 ./freertos/port.o
 .text.SVC_Handler
                0x000014b8        0xa ./freertos/port.o
                0x000014b8                SVC_Handler
 *fill*         0x000014c2        0xe ff
 .text.vPortStartFirstTask
                0x000014d0       0x38 ./freertos/port.o
 .text.xPortStartScheduler
                0x00001508       0x44 ./freertos/port.o
                0x00001508                xPortStartScheduler
 .text.vPortYield
                0x0000154c       0x20 ./freertos/port.o
                0x0000154c                vPortYield
 .text.vPortEnterCritical
                0x0000156c       0x24 ./freertos/port.o
                0x0000156c                vPortEnterCritical
 .text.vPortExitCritical
                0x00001590       0x30 ./freertos/port.o
                0x00001590                vPortExitCritical
 .text.ulSetInterruptMaskFromISR
                0x000015c0        0xc ./freertos/port.o
                0x000015c0                ulSetInterruptMaskFromISR
 .text.vClearInterruptMaskFromISR
                0x000015cc        0x8 ./freertos/port.o
                0x000015cc                vClearInterruptMaskFromISR
 *fill*         0x000015d4        0xc ff
 .text.PendSV_Handler
                0x000015e0       0x48 ./freertos/port.o
                0x000015e0                PendSV_Handler
 .text.SysTick_Handler
                0x00001628       0x34 ./freertos/port.o
                0x00001628                SysTick_Handler
 .text.xQueueGenericReset
                0x0000165c       0xa8 ./freertos/queue.o
                0x0000165c                xQueueGenericReset
 .text.xQueueGenericCreate
                0x00001704       0x64 ./freertos/queue.o
                0x00001704                xQueueGenericCreate
 .text.prvInitialiseNewQueue
                0x00001768       0x4e ./freertos/queue.o
 .text.xQueueGenericSend
                0x000017b6      0x188 ./freertos/queue.o
                0x000017b6                xQueueGenericSend
 .text.xQueueGenericSendFromISR
                0x0000193e       0xe2 ./freertos/queue.o
                0x0000193e                xQueueGenericSendFromISR
 .text.xQueueGenericReceive
                0x00001a20      0x1c8 ./freertos/queue.o
                0x00001a20                xQueueGenericReceive
 .text.prvCopyDataToQueue
                0x00001be8       0xd6 ./freertos/queue.o
 .text.prvCopyDataFromQueue
                0x00001cbe       0x4c ./freertos/queue.o
 .text.prvUnlockQueue
                0x00001d0a       0xbc ./freertos/queue.o
 .text.prvIsQueueEmpty
                0x00001dc6       0x2c ./freertos/queue.o
 .text.prvIsQueueFull
                0x00001df2       0x30 ./freertos/queue.o
 *fill*         0x00001e22        0x2 ff
 .text.vQueueAddToRegistry
                0x00001e24       0x50 ./freertos/queue.o
                0x00001e24                vQueueAddToRegistry
 .text.vQueueWaitForMessageRestricted
                0x00001e74       0x66 ./freertos/queue.o
                0x00001e74                vQueueWaitForMessageRestricted
 .text.xTaskCreate
                0x00001eda       0x90 ./freertos/tasks.o
                0x00001eda                xTaskCreate
 *fill*         0x00001f6a        0x2 ff
 .text.prvInitialiseNewTask
                0x00001f6c      0x120 ./freertos/tasks.o
 .text.prvAddNewTaskToReadyList
                0x0000208c       0xd0 ./freertos/tasks.o
 .text.vTaskDelay
                0x0000215c       0x4c ./freertos/tasks.o
                0x0000215c                vTaskDelay
 .text.vTaskStartScheduler
                0x000021a8       0x78 ./freertos/tasks.o
                0x000021a8                vTaskStartScheduler
 .text.vTaskSuspendAll
                0x00002220       0x18 ./freertos/tasks.o
                0x00002220                vTaskSuspendAll
 .text.xTaskResumeAll
                0x00002238      0x118 ./freertos/tasks.o
                0x00002238                xTaskResumeAll
 .text.xTaskGetTickCount
                0x00002350       0x1c ./freertos/tasks.o
                0x00002350                xTaskGetTickCount
 .text.xTaskIncrementTick
                0x0000236c      0x14c ./freertos/tasks.o
                0x0000236c                xTaskIncrementTick
 .text.vTaskSwitchContext
                0x000024b8       0xa4 ./freertos/tasks.o
                0x000024b8                vTaskSwitchContext
 .text.vTaskPlaceOnEventList
                0x0000255c       0x3c ./freertos/tasks.o
                0x0000255c                vTaskPlaceOnEventList
 .text.vTaskPlaceOnEventListRestricted
                0x00002598       0x4c ./freertos/tasks.o
                0x00002598                vTaskPlaceOnEventListRestricted
 .text.xTaskRemoveFromEventList
                0x000025e4       0xb8 ./freertos/tasks.o
                0x000025e4                xTaskRemoveFromEventList
 .text.vTaskSetTimeOutState
                0x0000269c       0x34 ./freertos/tasks.o
                0x0000269c                vTaskSetTimeOutState
 .text.xTaskCheckForTimeOut
                0x000026d0       0x9c ./freertos/tasks.o
                0x000026d0                xTaskCheckForTimeOut
 .text.vTaskMissedYield
                0x0000276c       0x14 ./freertos/tasks.o
                0x0000276c                vTaskMissedYield
 .text.prvIdleTask
                0x00002780       0x20 ./freertos/tasks.o
 .text.prvInitialiseTaskLists
                0x000027a0       0x88 ./freertos/tasks.o
 .text.prvCheckTasksWaitingTermination
                0x00002828       0x74 ./freertos/tasks.o
 .text.prvDeleteTCB
                0x0000289c       0x22 ./freertos/tasks.o
 *fill*         0x000028be        0x2 ff
 .text.prvResetNextTaskUnblockTime
                0x000028c0       0x48 ./freertos/tasks.o
 .text.xTaskGetSchedulerState
                0x00002908       0x38 ./freertos/tasks.o
                0x00002908                xTaskGetSchedulerState
 .text.vTaskPriorityInherit
                0x00002940       0xbc ./freertos/tasks.o
                0x00002940                vTaskPriorityInherit
 .text.xTaskPriorityDisinherit
                0x000029fc       0xb8 ./freertos/tasks.o
                0x000029fc                xTaskPriorityDisinherit
 .text.pvTaskIncrementMutexHeldCount
                0x00002ab4       0x24 ./freertos/tasks.o
                0x00002ab4                pvTaskIncrementMutexHeldCount
 .text.prvAddCurrentTaskToDelayedList
                0x00002ad8       0xa8 ./freertos/tasks.o
 .text.xTimerCreateTimerTask
                0x00002b80       0x54 ./freertos/timers.o
                0x00002b80                xTimerCreateTimerTask
 .text.xTimerGenericCommand
                0x00002bd4       0x98 ./freertos/timers.o
                0x00002bd4                xTimerGenericCommand
 .text.prvProcessExpiredTimer
                0x00002c6c       0x70 ./freertos/timers.o
 .text.prvTimerTask
                0x00002cdc       0x28 ./freertos/timers.o
 .text.prvProcessTimerOrBlockTask
                0x00002d04       0x8c ./freertos/timers.o
 .text.prvGetNextExpireTime
                0x00002d90       0x40 ./freertos/timers.o
 .text.prvSampleTimeNow
                0x00002dd0       0x40 ./freertos/timers.o
 .text.prvInsertTimerInActiveList
                0x00002e10       0x84 ./freertos/timers.o
 .text.prvProcessReceivedCommands
                0x00002e94      0x12c ./freertos/timers.o
 .text.prvSwitchTimerLists
                0x00002fc0       0xb4 ./freertos/timers.o
 .text.prvCheckForValidListAndQueue
                0x00003074       0x74 ./freertos/timers.o
 .text.CLOCK_SetEr32kClock
                0x000030e8       0x34 ./drivers/fsl_clock.o
 .text.CLOCK_SetPllFllSelClock
                0x0000311c       0x38 ./drivers/fsl_clock.o
 .text.OSC_SetExtRefClkConfig
                0x00003154       0x3e ./drivers/fsl_clock.o
 .text.OSC_SetCapLoad
                0x00003192       0x42 ./drivers/fsl_clock.o
 .text.CLOCK_GetMcgExtClkFreq
                0x000031d4       0x34 ./drivers/fsl_clock.o
 .text.CLOCK_GetFllExtRefClkFreq
                0x00003208       0xa4 ./drivers/fsl_clock.o
 .text.CLOCK_GetFllRefClkFreq
                0x000032ac       0x2c ./drivers/fsl_clock.o
 .text.CLOCK_GetPll0RefFreq
                0x000032d8       0x10 ./drivers/fsl_clock.o
 .text.CLOCK_GetOscRangeFromFreq
                0x000032e8       0x4c ./drivers/fsl_clock.o
 .text.CLOCK_GetPllFllSelClkFreq
                0x00003334       0x4c ./drivers/fsl_clock.o
                0x00003334                CLOCK_GetPllFllSelClkFreq
 .text.CLOCK_SetSimConfig
                0x00003380       0x38 ./drivers/fsl_clock.o
                0x00003380                CLOCK_SetSimConfig
 .text.CLOCK_GetFllFreq
                0x000033b8       0x84 ./drivers/fsl_clock.o
                0x000033b8                CLOCK_GetFllFreq
 .text.CLOCK_GetPll0Freq
                0x0000343c       0x80 ./drivers/fsl_clock.o
                0x0000343c                CLOCK_GetPll0Freq
 .text.CLOCK_SetExternalRefClkConfig
                0x000034bc       0x16 ./drivers/fsl_clock.o
                0x000034bc                CLOCK_SetExternalRefClkConfig
 *fill*         0x000034d2        0x2 ff
 .text.CLOCK_SetInternalRefClkConfig
                0x000034d4      0x128 ./drivers/fsl_clock.o
                0x000034d4                CLOCK_SetInternalRefClkConfig
 .text.CLOCK_EnablePll0
                0x000035fc       0xa0 ./drivers/fsl_clock.o
                0x000035fc                CLOCK_EnablePll0
 .text.CLOCK_InitOsc0
                0x0000369c       0x94 ./drivers/fsl_clock.o
                0x0000369c                CLOCK_InitOsc0
 .text.CLOCK_SetPbeMode
                0x00003730       0xc0 ./drivers/fsl_clock.o
                0x00003730                CLOCK_SetPbeMode
 .text.CLOCK_BootToPeeMode
                0x000037f0       0x80 ./drivers/fsl_clock.o
                0x000037f0                CLOCK_BootToPeeMode
 .text.__assert_func
                0x00003870       0x28 ./drivers/fsl_common.o
                0x00003870                __assert_func
 .text.CLOCK_EnableClock
                0x00003898       0x34 ./drivers/fsl_lpsci.o
 .text.LPSCI_GetInstance
                0x000038cc       0x54 ./drivers/fsl_lpsci.o
                0x000038cc                LPSCI_GetInstance
 .text.LPSCI_Init
                0x00003920      0x270 ./drivers/fsl_lpsci.o
                0x00003920                LPSCI_Init
 .text.LPSCI_GetDefaultConfig
                0x00003b90       0x54 ./drivers/fsl_lpsci.o
                0x00003b90                LPSCI_GetDefaultConfig
 .text.LPSCI_GetStatusFlags
                0x00003be4       0x26 ./drivers/fsl_lpsci.o
                0x00003be4                LPSCI_GetStatusFlags
 *fill*         0x00003c0a        0x2 ff
 .text.LPSCI_ClearStatusFlags
                0x00003c0c       0x94 ./drivers/fsl_lpsci.o
                0x00003c0c                LPSCI_ClearStatusFlags
 .text.LPSCI_WriteBlocking
                0x00003ca0       0x5c ./drivers/fsl_lpsci.o
                0x00003ca0                LPSCI_WriteBlocking
 .text.LPSCI_ReadBlocking
                0x00003cfc       0xd0 ./drivers/fsl_lpsci.o
                0x00003cfc                LPSCI_ReadBlocking
 .text.UART0_DriverIRQHandler
                0x00003dcc       0x24 ./drivers/fsl_lpsci.o
                0x00003dcc                UART0_DriverIRQHandler
 .text.CLOCK_EnableClock
                0x00003df0       0x34 ./drivers/fsl_uart.o
 .text.UART_GetInstance
                0x00003e24       0x60 ./drivers/fsl_uart.o
                0x00003e24                UART_GetInstance
 .text.UART_Init
                0x00003e84      0x1f8 ./drivers/fsl_uart.o
                0x00003e84                UART_Init
 .text.UART_GetDefaultConfig
                0x0000407c       0x54 ./drivers/fsl_uart.o
                0x0000407c                UART_GetDefaultConfig
 .text.UART_GetStatusFlags
                0x000040d0       0x26 ./drivers/fsl_uart.o
                0x000040d0                UART_GetStatusFlags
 .text.UART_WriteBlocking
                0x000040f6       0x3a ./drivers/fsl_uart.o
                0x000040f6                UART_WriteBlocking
 .text.UART_ReadBlocking
                0x00004130       0xa8 ./drivers/fsl_uart.o
                0x00004130                UART_ReadBlocking
 .text.UART1_DriverIRQHandler
                0x000041d8       0x24 ./drivers/fsl_uart.o
                0x000041d8                UART1_DriverIRQHandler
 .text.UART2_DriverIRQHandler
                0x000041fc       0x24 ./drivers/fsl_uart.o
                0x000041fc                UART2_DriverIRQHandler
 .text.CLOCK_SetLpsci0Clock
                0x00004220       0x38 ./board/board.o
 .text.BOARD_InitDebugConsole
                0x00004258       0x30 ./board/board.o
                0x00004258                BOARD_InitDebugConsole
 .text.CLOCK_SetSimSafeDivs
                0x00004288       0x20 ./board/clock_config.o
 .text.CLOCK_SetXtal0Freq
                0x000042a8       0x1c ./board/clock_config.o
 .text.BOARD_InitBootClocks
                0x000042c4        0xe ./board/clock_config.o
                0x000042c4                BOARD_InitBootClocks
 *fill*         0x000042d2        0x2 ff
 .text.CLOCK_CONFIG_SetFllExtRefDiv
                0x000042d4       0x3c ./board/clock_config.o
 .text.BOARD_BootClockRUN
                0x00004310       0x64 ./board/clock_config.o
                0x00004310                BOARD_BootClockRUN
 .text.BOARD_InitBootPeripherals
                0x00004374        0xa ./board/peripherals.o
                0x00004374                BOARD_InitBootPeripherals
 *fill*         0x0000437e        0x2 ff
 .text.CLOCK_EnableClock
                0x00004380       0x34 ./board/pin_mux.o
 .text.PORT_SetPinMux
                0x000043b4       0x40 ./board/pin_mux.o
 .text.BOARD_InitBootPins
                0x000043f4        0xe ./board/pin_mux.o
                0x000043f4                BOARD_InitBootPins
 *fill*         0x00004402        0x2 ff
 .text.BOARD_InitPins
                0x00004404       0x4c ./board/pin_mux.o
                0x00004404                BOARD_InitPins
 .text.SystemInit
                0x00004450       0x18 ./CMSIS/system_MKL25Z4.o
                0x00004450                SystemInit
 .text          0x00004468      0x114 c:/nxp/mcuxpressoide_10.2.1_795/ide/tools/bin/../lib/gcc/arm-none-eabi/7.2.1/thumb/v6-m\libgcc.a(_udivsi3.o)
                0x00004468                __aeabi_uidiv
                0x00004468                __udivsi3
                0x00004574                __aeabi_uidivmod
 .text          0x0000457c      0x1d4 c:/nxp/mcuxpressoide_10.2.1_795/ide/tools/bin/../lib/gcc/arm-none-eabi/7.2.1/thumb/v6-m\libgcc.a(_divsi3.o)
                0x0000457c                __divsi3
                0x0000457c                __aeabi_idiv
                0x00004748                __aeabi_idivmod
 .text          0x00004750        0x4 c:/nxp/mcuxpressoide_10.2.1_795/ide/tools/bin/../lib/gcc/arm-none-eabi/7.2.1/thumb/v6-m\libgcc.a(_dvmd_tls.o)
                0x00004750                __aeabi_idiv0
                0x00004750                __aeabi_ldiv0
 .text          0x00004754       0x7c c:/nxp/mcuxpressoide_10.2.1_795/ide/tools/bin/../lib/gcc/arm-none-eabi/7.2.1/thumb/v6-m\libgcc.a(_arm_cmpdf2.o)
                0x00004754                __aeabi_cdrcmple
                0x00004764                __aeabi_cdcmple
                0x00004764                __aeabi_cdcmpeq
                0x00004774                __aeabi_dcmpeq
                0x00004780                __aeabi_dcmplt
                0x00004794                __aeabi_dcmple
                0x000047a8                __aeabi_dcmpgt
                0x000047bc                __aeabi_dcmpge
 .text          0x000047d0       0x30 c:/nxp/mcuxpressoide_10.2.1_795/ide/tools/bin/../lib/gcc/arm-none-eabi/7.2.1/thumb/v6-m\libgcc.a(_fixunssfsi.o)
                0x000047d0                __fixunssfsi
                0x000047d0                __aeabi_f2uiz
 .text          0x00004800      0x388 c:/nxp/mcuxpressoide_10.2.1_795/ide/tools/bin/../lib/gcc/arm-none-eabi/7.2.1/thumb/v6-m\libgcc.a(subsf3.o)
                0x00004800                __aeabi_fsub
 .text          0x00004b88       0x40 c:/nxp/mcuxpressoide_10.2.1_795/ide/tools/bin/../lib/gcc/arm-none-eabi/7.2.1/thumb/v6-m\libgcc.a(fixsfsi.o)
                0x00004b88                __aeabi_f2iz
 .text          0x00004bc8      0x638 c:/nxp/mcuxpressoide_10.2.1_795/ide/tools/bin/../lib/gcc/arm-none-eabi/7.2.1/thumb/v6-m\libgcc.a(adddf3.o)
                0x00004bc8                __aeabi_dadd
 .text          0x00005200      0x604 c:/nxp/mcuxpressoide_10.2.1_795/ide/tools/bin/../lib/gcc/arm-none-eabi/7.2.1/thumb/v6-m\libgcc.a(divdf3.o)
                0x00005200                __aeabi_ddiv
 .text          0x00005804       0x78 c:/nxp/mcuxpressoide_10.2.1_795/ide/tools/bin/../lib/gcc/arm-none-eabi/7.2.1/thumb/v6-m\libgcc.a(eqdf2.o)
                0x00005804                __nedf2
                0x00005804                __eqdf2
 .text          0x0000587c       0xc8 c:/nxp/mcuxpressoide_10.2.1_795/ide/tools/bin/../lib/gcc/arm-none-eabi/7.2.1/thumb/v6-m\libgcc.a(gedf2.o)
                0x0000587c                __gedf2
                0x0000587c                __gtdf2
 .text          0x00005944       0xd0 c:/nxp/mcuxpressoide_10.2.1_795/ide/tools/bin/../lib/gcc/arm-none-eabi/7.2.1/thumb/v6-m\libgcc.a(ledf2.o)
                0x00005944                __ledf2
                0x00005944                __ltdf2
 .text          0x00005a14      0x4e4 c:/nxp/mcuxpressoide_10.2.1_795/ide/tools/bin/../lib/gcc/arm-none-eabi/7.2.1/thumb/v6-m\libgcc.a(muldf3.o)
                0x00005a14                __aeabi_dmul
 .text          0x00005ef8      0x690 c:/nxp/mcuxpressoide_10.2.1_795/ide/tools/bin/../lib/gcc/arm-none-eabi/7.2.1/thumb/v6-m\libgcc.a(subdf3.o)
                0x00005ef8                __aeabi_dsub
 .text          0x00006588       0x74 c:/nxp/mcuxpressoide_10.2.1_795/ide/tools/bin/../lib/gcc/arm-none-eabi/7.2.1/thumb/v6-m\libgcc.a(floatsidf.o)
                0x00006588                __aeabi_i2d
 .text          0x000065fc      0x108 c:/nxp/mcuxpressoide_10.2.1_795/ide/tools/bin/../lib/gcc/arm-none-eabi/7.2.1/thumb/v6-m\libgcc.a(truncdfsf2.o)
                0x000065fc                __aeabi_d2f
 .text          0x00006704      0xa08 c:/nxp/mcuxpressoide_10.2.1_795/ide/tools/bin/../lib/gcc/arm-none-eabi/7.2.1/thumb/v6-m\libgcc.a(unwind-arm.o)
                0x000069c0                _Unwind_GetCFA
                0x000069c4                __gnu_Unwind_RaiseException
                0x00006a18                __gnu_Unwind_ForcedUnwind
                0x00006a2c                __gnu_Unwind_Resume
                0x00006a74                __gnu_Unwind_Resume_or_Rethrow
                0x00006a90                _Unwind_Complete
                0x00006a94                _Unwind_DeleteException
                0x00006aa4                _Unwind_VRS_Get
                0x00006aec                _Unwind_VRS_Set
                0x00006b34                __gnu_Unwind_Backtrace
                0x00006e84                __aeabi_unwind_cpp_pr0
                0x00006e90                __aeabi_unwind_cpp_pr1
                0x00006e9c                __aeabi_unwind_cpp_pr2
                0x00006ea8                _Unwind_VRS_Pop
 .text          0x0000710c      0x144 c:/nxp/mcuxpressoide_10.2.1_795/ide/tools/bin/../lib/gcc/arm-none-eabi/7.2.1/thumb/v6-m\libgcc.a(libunwind.o)
                0x0000710c                __restore_core_regs
                0x0000710c                restore_core_regs
                0x00007138                __gnu_Unwind_Restore_VFP
                0x0000713c                __gnu_Unwind_Save_VFP
                0x00007140                __gnu_Unwind_Restore_VFP_D
                0x00007144                __gnu_Unwind_Save_VFP_D
                0x00007148                __gnu_Unwind_Restore_VFP_D_16_to_31
                0x0000714c                __gnu_Unwind_Save_VFP_D_16_to_31
                0x00007150                __gnu_Unwind_Restore_WMMXD
                0x00007154                __gnu_Unwind_Save_WMMXD
                0x00007158                __gnu_Unwind_Restore_WMMXC
                0x0000715c                __gnu_Unwind_Save_WMMXC
                0x00007160                ___Unwind_RaiseException
                0x00007160                _Unwind_RaiseException
                0x00007190                _Unwind_Resume
                0x00007190                ___Unwind_Resume
                0x000071c0                _Unwind_Resume_or_Rethrow
                0x000071c0                ___Unwind_Resume_or_Rethrow
                0x000071f0                _Unwind_ForcedUnwind
                0x000071f0                ___Unwind_ForcedUnwind
                0x00007220                ___Unwind_Backtrace
                0x00007220                _Unwind_Backtrace
 .text          0x00007250      0x39c c:/nxp/mcuxpressoide_10.2.1_795/ide/tools/bin/../lib/gcc/arm-none-eabi/7.2.1/thumb/v6-m\libgcc.a(pr-support.o)
                0x000072a4                __gnu_unwind_execute
                0x00007594                __gnu_unwind_frame
                0x000075bc                _Unwind_GetRegionStart
                0x000075c8                _Unwind_GetLanguageSpecificData
                0x000075dc                _Unwind_GetDataRelBase
                0x000075e4                _Unwind_GetTextRelBase
 .text          0x000075ec       0x74 c:/nxp/mcuxpressoide_10.2.1_795/ide/tools/bin/../lib/gcc/arm-none-eabi/7.2.1/thumb/v6-m\libgcc.a(_arm_cmpsf2.o)
                0x000075ec                __aeabi_cfrcmple
                0x000075f4                __aeabi_cfcmpeq
                0x000075f4                __aeabi_cfcmple
                0x00007604                __aeabi_fcmpeq
                0x00007610                __aeabi_fcmplt
                0x00007624                __aeabi_fcmple
                0x00007638                __aeabi_fcmpgt
                0x0000764c                __aeabi_fcmpge
 .text          0x00007660       0x3c c:/nxp/mcuxpressoide_10.2.1_795/ide/tools/bin/../lib/gcc/arm-none-eabi/7.2.1/thumb/v6-m\libgcc.a(_clzsi2.o)
                0x00007660                __clzsi2
 .text          0x0000769c       0x50 c:/nxp/mcuxpressoide_10.2.1_795/ide/tools/bin/../lib/gcc/arm-none-eabi/7.2.1/thumb/v6-m\libgcc.a(eqsf2.o)
                0x0000769c                __eqsf2
                0x0000769c                __nesf2
 .text          0x000076ec       0x9c c:/nxp/mcuxpressoide_10.2.1_795/ide/tools/bin/../lib/gcc/arm-none-eabi/7.2.1/thumb/v6-m\libgcc.a(gesf2.o)
                0x000076ec                __gesf2
                0x000076ec                __gtsf2
 .text          0x00007788       0xa0 c:/nxp/mcuxpressoide_10.2.1_795/ide/tools/bin/../lib/gcc/arm-none-eabi/7.2.1/thumb/v6-m\libgcc.a(lesf2.o)
                0x00007788                __ltsf2
                0x00007788                __lesf2
 .text.abort    0x00007828        0xe c:/nxp/mcuxpressoide_10.2.1_795/ide/tools/bin/../lib/gcc/arm-none-eabi/7.2.1/../../../../arm-none-eabi/lib/thumb/v6-m\libc_nano.a(lib_a-abort.o)
                0x00007828                abort
 *fill*         0x00007836        0x2 ff
 .text.__libc_init_array
                0x00007838       0x48 c:/nxp/mcuxpressoide_10.2.1_795/ide/tools/bin/../lib/gcc/arm-none-eabi/7.2.1/../../../../arm-none-eabi/lib/thumb/v6-m\libc_nano.a(lib_a-init.o)
                0x00007838                __libc_init_array
 .text.memcpy   0x00007880       0x12 c:/nxp/mcuxpressoide_10.2.1_795/ide/tools/bin/../lib/gcc/arm-none-eabi/7.2.1/../../../../arm-none-eabi/lib/thumb/v6-m\libc_nano.a(lib_a-memcpy-stub.o)
                0x00007880                memcpy
 .text.memset   0x00007892       0x10 c:/nxp/mcuxpressoide_10.2.1_795/ide/tools/bin/../lib/gcc/arm-none-eabi/7.2.1/../../../../arm-none-eabi/lib/thumb/v6-m\libc_nano.a(lib_a-memset.o)
                0x00007892                memset
 *fill*         0x000078a2        0x2 ff
 .text.printf   0x000078a4       0x34 c:/nxp/mcuxpressoide_10.2.1_795/ide/tools/bin/../lib/gcc/arm-none-eabi/7.2.1/../../../../arm-none-eabi/lib/thumb/v6-m\libc_nano.a(lib_a-printf.o)
                0x000078a4                iprintf
                0x000078a4                printf
 .text.scanf    0x000078d8       0x34 c:/nxp/mcuxpressoide_10.2.1_795/ide/tools/bin/../lib/gcc/arm-none-eabi/7.2.1/../../../../arm-none-eabi/lib/thumb/v6-m\libc_nano.a(lib_a-scanf.o)
                0x000078d8                scanf
                0x000078d8                iscanf
 .text._raise_r
                0x0000790c       0x54 c:/nxp/mcuxpressoide_10.2.1_795/ide/tools/bin/../lib/gcc/arm-none-eabi/7.2.1/../../../../arm-none-eabi/lib/thumb/v6-m\libc_nano.a(lib_a-signal.o)
                0x0000790c                _raise_r
 .text.raise    0x00007960       0x14 c:/nxp/mcuxpressoide_10.2.1_795/ide/tools/bin/../lib/gcc/arm-none-eabi/7.2.1/../../../../arm-none-eabi/lib/thumb/v6-m\libc_nano.a(lib_a-signal.o)
                0x00007960                raise
 .text._kill_r  0x00007974       0x24 c:/nxp/mcuxpressoide_10.2.1_795/ide/tools/bin/../lib/gcc/arm-none-eabi/7.2.1/../../../../arm-none-eabi/lib/thumb/v6-m\libc_nano.a(lib_a-signalr.o)
                0x00007974                _kill_r
 .text._getpid_r
                0x00007998        0x8 c:/nxp/mcuxpressoide_10.2.1_795/ide/tools/bin/../lib/gcc/arm-none-eabi/7.2.1/../../../../arm-none-eabi/lib/thumb/v6-m\libc_nano.a(lib_a-signalr.o)
                0x00007998                _getpid_r
 .text.std      0x000079a0       0x48 c:/nxp/mcuxpressoide_10.2.1_795/ide/tools/bin/../lib/gcc/arm-none-eabi/7.2.1/../../../../arm-none-eabi/lib/thumb/v6-m\libc_nano.a(lib_a-findfp.o)
 .text._cleanup_r
                0x000079e8       0x10 c:/nxp/mcuxpressoide_10.2.1_795/ide/tools/bin/../lib/gcc/arm-none-eabi/7.2.1/../../../../arm-none-eabi/lib/thumb/v6-m\libc_nano.a(lib_a-findfp.o)
                0x000079e8                _cleanup_r
 .text.__sfmoreglue
                0x000079f8       0x2c c:/nxp/mcuxpressoide_10.2.1_795/ide/tools/bin/../lib/gcc/arm-none-eabi/7.2.1/../../../../arm-none-eabi/lib/thumb/v6-m\libc_nano.a(lib_a-findfp.o)
                0x000079f8                __sfmoreglue
 .text.__sinit  0x00007a24       0x68 c:/nxp/mcuxpressoide_10.2.1_795/ide/tools/bin/../lib/gcc/arm-none-eabi/7.2.1/../../../../arm-none-eabi/lib/thumb/v6-m\libc_nano.a(lib_a-findfp.o)
                0x00007a24                __sinit
 .text.__sfp    0x00007a8c       0x7c c:/nxp/mcuxpressoide_10.2.1_795/ide/tools/bin/../lib/gcc/arm-none-eabi/7.2.1/../../../../arm-none-eabi/lib/thumb/v6-m\libc_nano.a(lib_a-findfp.o)
                0x00007a8c                __sfp
 .text._fwalk   0x00007b08       0x38 c:/nxp/mcuxpressoide_10.2.1_795/ide/tools/bin/../lib/gcc/arm-none-eabi/7.2.1/../../../../arm-none-eabi/lib/thumb/v6-m\libc_nano.a(lib_a-fwalk.o)
                0x00007b08                _fwalk
 .text._fwalk_reent
                0x00007b40       0x42 c:/nxp/mcuxpressoide_10.2.1_795/ide/tools/bin/../lib/gcc/arm-none-eabi/7.2.1/../../../../arm-none-eabi/lib/thumb/v6-m\libc_nano.a(lib_a-fwalk.o)
                0x00007b40                _fwalk_reent
 *fill*         0x00007b82        0x2 ff
 .text._malloc_r
                0x00007b84       0xbc c:/nxp/mcuxpressoide_10.2.1_795/ide/tools/bin/../lib/gcc/arm-none-eabi/7.2.1/../../../../arm-none-eabi/lib/thumb/v6-m\libc_nano.a(lib_a-nano-mallocr.o)
                0x00007b84                _malloc_r
 .text.__sfputc_r
                0x00007c40       0x2a c:/nxp/mcuxpressoide_10.2.1_795/ide/tools/bin/../lib/gcc/arm-none-eabi/7.2.1/../../../../arm-none-eabi/lib/thumb/v6-m\libc_nano.a(lib_a-nano-vfprintf.o)
 .text.__sfputs_r
                0x00007c6a       0x24 c:/nxp/mcuxpressoide_10.2.1_795/ide/tools/bin/../lib/gcc/arm-none-eabi/7.2.1/../../../../arm-none-eabi/lib/thumb/v6-m\libc_nano.a(lib_a-nano-vfprintf.o)
                0x00007c6a                __sfputs_r
 *fill*         0x00007c8e        0x2 ff
 .text._vfprintf_r
                0x00007c90      0x22c c:/nxp/mcuxpressoide_10.2.1_795/ide/tools/bin/../lib/gcc/arm-none-eabi/7.2.1/../../../../arm-none-eabi/lib/thumb/v6-m\libc_nano.a(lib_a-nano-vfprintf.o)
                0x00007c90                _vfprintf_r
                0x00007c90                _vfiprintf_r
 .text._printf_common
                0x00007ebc       0xda c:/nxp/mcuxpressoide_10.2.1_795/ide/tools/bin/../lib/gcc/arm-none-eabi/7.2.1/../../../../arm-none-eabi/lib/thumb/v6-m\libc_nano.a(lib_a-nano-vfprintf_i.o)
                0x00007ebc                _printf_common
 *fill*         0x00007f96        0x2 ff
 .text._printf_i
                0x00007f98      0x210 c:/nxp/mcuxpressoide_10.2.1_795/ide/tools/bin/../lib/gcc/arm-none-eabi/7.2.1/../../../../arm-none-eabi/lib/thumb/v6-m\libc_nano.a(lib_a-nano-vfprintf_i.o)
                0x00007f98                _printf_i
 .text.__svfscanf_r
                0x000081a8      0x2fc c:/nxp/mcuxpressoide_10.2.1_795/ide/tools/bin/../lib/gcc/arm-none-eabi/7.2.1/../../../../arm-none-eabi/lib/thumb/v6-m\libc_nano.a(lib_a-nano-vfscanf.o)
                0x000081a8                __svfscanf_r
                0x000081a8                __svfiscanf_r
 .text._vfscanf_r
                0x000084a4       0x50 c:/nxp/mcuxpressoide_10.2.1_795/ide/tools/bin/../lib/gcc/arm-none-eabi/7.2.1/../../../../arm-none-eabi/lib/thumb/v6-m\libc_nano.a(lib_a-nano-vfscanf.o)
                0x000084a4                _vfscanf_r
                0x000084a4                _vfiscanf_r
 .text._scanf_chars
                0x000084f4       0xca c:/nxp/mcuxpressoide_10.2.1_795/ide/tools/bin/../lib/gcc/arm-none-eabi/7.2.1/../../../../arm-none-eabi/lib/thumb/v6-m\libc_nano.a(lib_a-nano-vfscanf_i.o)
                0x000084f4                _scanf_chars
 *fill*         0x000085be        0x2 ff
 .text._scanf_i
                0x000085c0      0x204 c:/nxp/mcuxpressoide_10.2.1_795/ide/tools/bin/../lib/gcc/arm-none-eabi/7.2.1/../../../../arm-none-eabi/lib/thumb/v6-m\libc_nano.a(lib_a-nano-vfscanf_i.o)
                0x000085c0                _scanf_i
 .text.lflush   0x000087c4       0x18 c:/nxp/mcuxpressoide_10.2.1_795/ide/tools/bin/../lib/gcc/arm-none-eabi/7.2.1/../../../../arm-none-eabi/lib/thumb/v6-m\libc_nano.a(lib_a-refill.o)
 .text.__srefill_r
                0x000087dc      0x124 c:/nxp/mcuxpressoide_10.2.1_795/ide/tools/bin/../lib/gcc/arm-none-eabi/7.2.1/../../../../arm-none-eabi/lib/thumb/v6-m\libc_nano.a(lib_a-refill.o)
                0x000087dc                __srefill_r
 .text._sbrk_r  0x00008900       0x24 c:/nxp/mcuxpressoide_10.2.1_795/ide/tools/bin/../lib/gcc/arm-none-eabi/7.2.1/../../../../arm-none-eabi/lib/thumb/v6-m\libc_nano.a(lib_a-sbrkr.o)
                0x00008900                _sbrk_r
 .text.__sccl   0x00008924       0x60 c:/nxp/mcuxpressoide_10.2.1_795/ide/tools/bin/../lib/gcc/arm-none-eabi/7.2.1/../../../../arm-none-eabi/lib/thumb/v6-m\libc_nano.a(lib_a-sccl.o)
                0x00008924                __sccl
 .text.__sread  0x00008984       0x28 c:/nxp/mcuxpressoide_10.2.1_795/ide/tools/bin/../lib/gcc/arm-none-eabi/7.2.1/../../../../arm-none-eabi/lib/thumb/v6-m\libc_nano.a(lib_a-stdio.o)
                0x00008984                __sread
 .text.__swrite
                0x000089ac       0x38 c:/nxp/mcuxpressoide_10.2.1_795/ide/tools/bin/../lib/gcc/arm-none-eabi/7.2.1/../../../../arm-none-eabi/lib/thumb/v6-m\libc_nano.a(lib_a-stdio.o)
                0x000089ac                __swrite
 .text.__sseek  0x000089e4       0x2c c:/nxp/mcuxpressoide_10.2.1_795/ide/tools/bin/../lib/gcc/arm-none-eabi/7.2.1/../../../../arm-none-eabi/lib/thumb/v6-m\libc_nano.a(lib_a-stdio.o)
                0x000089e4                __sseek
 .text.__sclose
                0x00008a10        0xc c:/nxp/mcuxpressoide_10.2.1_795/ide/tools/bin/../lib/gcc/arm-none-eabi/7.2.1/../../../../arm-none-eabi/lib/thumb/v6-m\libc_nano.a(lib_a-stdio.o)
                0x00008a10                __sclose
 .text._strtol_l.isra.0
                0x00008a1c      0x104 c:/nxp/mcuxpressoide_10.2.1_795/ide/tools/bin/../lib/gcc/arm-none-eabi/7.2.1/../../../../arm-none-eabi/lib/thumb/v6-m\libc_nano.a(lib_a-strtol.o)
 .text._strtol_r
                0x00008b20       0x20 c:/nxp/mcuxpressoide_10.2.1_795/ide/tools/bin/../lib/gcc/arm-none-eabi/7.2.1/../../../../arm-none-eabi/lib/thumb/v6-m\libc_nano.a(lib_a-strtol.o)
                0x00008b20                _strtol_r
 .text._strtoul_l.isra.0
                0x00008b40      0x106 c:/nxp/mcuxpressoide_10.2.1_795/ide/tools/bin/../lib/gcc/arm-none-eabi/7.2.1/../../../../arm-none-eabi/lib/thumb/v6-m\libc_nano.a(lib_a-strtoul.o)
 *fill*         0x00008c46        0x2 ff
 .text._strtoul_r
                0x00008c48       0x20 c:/nxp/mcuxpressoide_10.2.1_795/ide/tools/bin/../lib/gcc/arm-none-eabi/7.2.1/../../../../arm-none-eabi/lib/thumb/v6-m\libc_nano.a(lib_a-strtoul.o)
                0x00008c48                _strtoul_r
 .text.__submore
                0x00008c68       0x7c c:/nxp/mcuxpressoide_10.2.1_795/ide/tools/bin/../lib/gcc/arm-none-eabi/7.2.1/../../../../arm-none-eabi/lib/thumb/v6-m\libc_nano.a(lib_a-ungetc.o)
                0x00008c68                __submore
 .text._ungetc_r
                0x00008ce4       0xe4 c:/nxp/mcuxpressoide_10.2.1_795/ide/tools/bin/../lib/gcc/arm-none-eabi/7.2.1/../../../../arm-none-eabi/lib/thumb/v6-m\libc_nano.a(lib_a-ungetc.o)
                0x00008ce4                _ungetc_r
 .text.__swbuf_r
                0x00008dc8       0xac c:/nxp/mcuxpressoide_10.2.1_795/ide/tools/bin/../lib/gcc/arm-none-eabi/7.2.1/../../../../arm-none-eabi/lib/thumb/v6-m\libc_nano.a(lib_a-wbuf.o)
                0x00008dc8                __swbuf_r
 .text._write_r
                0x00008e74       0x28 c:/nxp/mcuxpressoide_10.2.1_795/ide/tools/bin/../lib/gcc/arm-none-eabi/7.2.1/../../../../arm-none-eabi/lib/thumb/v6-m\libc_nano.a(lib_a-writer.o)
                0x00008e74                _write_r
 .text.__swsetup_r
                0x00008e9c       0xec c:/nxp/mcuxpressoide_10.2.1_795/ide/tools/bin/../lib/gcc/arm-none-eabi/7.2.1/../../../../arm-none-eabi/lib/thumb/v6-m\libc_nano.a(lib_a-wsetup.o)
                0x00008e9c                __swsetup_r
 .text._close_r
                0x00008f88       0x24 c:/nxp/mcuxpressoide_10.2.1_795/ide/tools/bin/../lib/gcc/arm-none-eabi/7.2.1/../../../../arm-none-eabi/lib/thumb/v6-m\libc_nano.a(lib_a-closer.o)
                0x00008f88                _close_r
 .text.__sflush_r
                0x00008fac      0x114 c:/nxp/mcuxpressoide_10.2.1_795/ide/tools/bin/../lib/gcc/arm-none-eabi/7.2.1/../../../../arm-none-eabi/lib/thumb/v6-m\libc_nano.a(lib_a-fflush.o)
                0x00008fac                __sflush_r
 .text._fflush_r
                0x000090c0       0x58 c:/nxp/mcuxpressoide_10.2.1_795/ide/tools/bin/../lib/gcc/arm-none-eabi/7.2.1/../../../../arm-none-eabi/lib/thumb/v6-m\libc_nano.a(lib_a-fflush.o)
                0x000090c0                _fflush_r
 .text.fflush   0x00009118       0x28 c:/nxp/mcuxpressoide_10.2.1_795/ide/tools/bin/../lib/gcc/arm-none-eabi/7.2.1/../../../../arm-none-eabi/lib/thumb/v6-m\libc_nano.a(lib_a-fflush.o)
                0x00009118                fflush
 .text.__locale_ctype_ptr_l
                0x00009140        0x6 c:/nxp/mcuxpressoide_10.2.1_795/ide/tools/bin/../lib/gcc/arm-none-eabi/7.2.1/../../../../arm-none-eabi/lib/thumb/v6-m\libc_nano.a(lib_a-locale.o)
                0x00009140                __locale_ctype_ptr_l
 *fill*         0x00009146        0x2 ff
 .text.__locale_ctype_ptr
                0x00009148       0x1c c:/nxp/mcuxpressoide_10.2.1_795/ide/tools/bin/../lib/gcc/arm-none-eabi/7.2.1/../../../../arm-none-eabi/lib/thumb/v6-m\libc_nano.a(lib_a-locale.o)
                0x00009148                __locale_ctype_ptr
 .text._lseek_r
                0x00009164       0x28 c:/nxp/mcuxpressoide_10.2.1_795/ide/tools/bin/../lib/gcc/arm-none-eabi/7.2.1/../../../../arm-none-eabi/lib/thumb/v6-m\libc_nano.a(lib_a-lseekr.o)
                0x00009164                _lseek_r
 .text.__swhatbuf_r
                0x0000918c       0x50 c:/nxp/mcuxpressoide_10.2.1_795/ide/tools/bin/../lib/gcc/arm-none-eabi/7.2.1/../../../../arm-none-eabi/lib/thumb/v6-m\libc_nano.a(lib_a-makebuf.o)
                0x0000918c                __swhatbuf_r
 .text.__smakebuf_r
                0x000091dc       0x88 c:/nxp/mcuxpressoide_10.2.1_795/ide/tools/bin/../lib/gcc/arm-none-eabi/7.2.1/../../../../arm-none-eabi/lib/thumb/v6-m\libc_nano.a(lib_a-makebuf.o)
                0x000091dc                __smakebuf_r
 .text.__ascii_mbtowc
                0x00009264       0x24 c:/nxp/mcuxpressoide_10.2.1_795/ide/tools/bin/../lib/gcc/arm-none-eabi/7.2.1/../../../../arm-none-eabi/lib/thumb/v6-m\libc_nano.a(lib_a-mbtowc_r.o)
                0x00009264                __ascii_mbtowc
 .text.memchr   0x00009288       0x16 c:/nxp/mcuxpressoide_10.2.1_795/ide/tools/bin/../lib/gcc/arm-none-eabi/7.2.1/../../../../arm-none-eabi/lib/thumb/v6-m\libc_nano.a(lib_a-memchr-stub.o)
                0x00009288                memchr
 .text.__malloc_lock
                0x0000929e        0x2 c:/nxp/mcuxpressoide_10.2.1_795/ide/tools/bin/../lib/gcc/arm-none-eabi/7.2.1/../../../../arm-none-eabi/lib/thumb/v6-m\libc_nano.a(lib_a-mlock.o)
                0x0000929e                __malloc_lock
 .text.__malloc_unlock
                0x000092a0        0x2 c:/nxp/mcuxpressoide_10.2.1_795/ide/tools/bin/../lib/gcc/arm-none-eabi/7.2.1/../../../../arm-none-eabi/lib/thumb/v6-m\libc_nano.a(lib_a-mlock.o)
                0x000092a0                __malloc_unlock
 *fill*         0x000092a2        0x2 ff
 .text._free_r  0x000092a4       0x94 c:/nxp/mcuxpressoide_10.2.1_795/ide/tools/bin/../lib/gcc/arm-none-eabi/7.2.1/../../../../arm-none-eabi/lib/thumb/v6-m\libc_nano.a(lib_a-nano-freer.o)
                0x000092a4                _free_r
 .text._realloc_r
                0x00009338       0x4c c:/nxp/mcuxpressoide_10.2.1_795/ide/tools/bin/../lib/gcc/arm-none-eabi/7.2.1/../../../../arm-none-eabi/lib/thumb/v6-m\libc_nano.a(lib_a-nano-reallocr.o)
                0x00009338                _realloc_r
 .text._read_r  0x00009384       0x28 c:/nxp/mcuxpressoide_10.2.1_795/ide/tools/bin/../lib/gcc/arm-none-eabi/7.2.1/../../../../arm-none-eabi/lib/thumb/v6-m\libc_nano.a(lib_a-readr.o)
                0x00009384                _read_r
 .text.__ascii_wctomb
                0x000093ac       0x18 c:/nxp/mcuxpressoide_10.2.1_795/ide/tools/bin/../lib/gcc/arm-none-eabi/7.2.1/../../../../arm-none-eabi/lib/thumb/v6-m\libc_nano.a(lib_a-wctomb_r.o)
                0x000093ac                __ascii_wctomb
 .text._fstat_r
                0x000093c4       0x24 c:/nxp/mcuxpressoide_10.2.1_795/ide/tools/bin/../lib/gcc/arm-none-eabi/7.2.1/../../../../arm-none-eabi/lib/thumb/v6-m\libc_nano.a(lib_a-fstatr.o)
                0x000093c4                _fstat_r
 .text._isatty_r
                0x000093e8       0x24 c:/nxp/mcuxpressoide_10.2.1_795/ide/tools/bin/../lib/gcc/arm-none-eabi/7.2.1/../../../../arm-none-eabi/lib/thumb/v6-m\libc_nano.a(lib_a-isattyr.o)
                0x000093e8                _isatty_r
 .text._malloc_usable_size_r
                0x0000940c       0x10 c:/nxp/mcuxpressoide_10.2.1_795/ide/tools/bin/../lib/gcc/arm-none-eabi/7.2.1/../../../../arm-none-eabi/lib/thumb/v6-m\libc_nano.a(lib_a-nano-msizer.o)
                0x0000940c                _malloc_usable_size_r
 .text._sbrk    0x0000941c       0x40 c:/nxp/mcuxpressoide_10.2.1_795/ide/tools/bin/../lib/gcc/arm-none-eabi/7.2.1/../../../../arm-none-eabi/lib/thumb/v6-m\libcr_newlib_semihost.a(_cr_sbrk.o)
                0x0000941c                _sbrk
 .text._exit    0x0000945c        0xc c:/nxp/mcuxpressoide_10.2.1_795/ide/tools/bin/../lib/gcc/arm-none-eabi/7.2.1/../../../../arm-none-eabi/lib/thumb/v6-m\libcr_newlib_semihost.a(_exit.o)
                0x0000945c                _exit
 .text._kill    0x00009468       0x24 c:/nxp/mcuxpressoide_10.2.1_795/ide/tools/bin/../lib/gcc/arm-none-eabi/7.2.1/../../../../arm-none-eabi/lib/thumb/v6-m\libcr_newlib_semihost.a(_kill.o)
                0x00009468                _kill
 .text.error    0x0000948c       0x1c c:/nxp/mcuxpressoide_10.2.1_795/ide/tools/bin/../lib/gcc/arm-none-eabi/7.2.1/../../../../arm-none-eabi/lib/thumb/v6-m\libcr_newlib_semihost.a(syscalls.o)
 .text.initialise_monitor_handles.part.0
                0x000094a8       0x9c c:/nxp/mcuxpressoide_10.2.1_795/ide/tools/bin/../lib/gcc/arm-none-eabi/7.2.1/../../../../arm-none-eabi/lib/thumb/v6-m\libcr_newlib_semihost.a(syscalls.o)
 .text.checkerror
                0x00009544       0x20 c:/nxp/mcuxpressoide_10.2.1_795/ide/tools/bin/../lib/gcc/arm-none-eabi/7.2.1/../../../../arm-none-eabi/lib/thumb/v6-m\libcr_newlib_semihost.a(syscalls.o)
 .text.findslot
                0x00009564       0x30 c:/nxp/mcuxpressoide_10.2.1_795/ide/tools/bin/../lib/gcc/arm-none-eabi/7.2.1/../../../../arm-none-eabi/lib/thumb/v6-m\libcr_newlib_semihost.a(syscalls.o)
 .text._swiread
                0x00009594       0x20 c:/nxp/mcuxpressoide_10.2.1_795/ide/tools/bin/../lib/gcc/arm-none-eabi/7.2.1/../../../../arm-none-eabi/lib/thumb/v6-m\libcr_newlib_semihost.a(syscalls.o)
                0x00009594                _swiread
 .text._read    0x000095b4       0x34 c:/nxp/mcuxpressoide_10.2.1_795/ide/tools/bin/../lib/gcc/arm-none-eabi/7.2.1/../../../../arm-none-eabi/lib/thumb/v6-m\libcr_newlib_semihost.a(syscalls.o)
                0x000095b4                _read
 .text._swilseek
                0x000095e8       0x76 c:/nxp/mcuxpressoide_10.2.1_795/ide/tools/bin/../lib/gcc/arm-none-eabi/7.2.1/../../../../arm-none-eabi/lib/thumb/v6-m\libcr_newlib_semihost.a(syscalls.o)
                0x000095e8                _swilseek
 .text._lseek   0x0000965e        0x8 c:/nxp/mcuxpressoide_10.2.1_795/ide/tools/bin/../lib/gcc/arm-none-eabi/7.2.1/../../../../arm-none-eabi/lib/thumb/v6-m\libcr_newlib_semihost.a(syscalls.o)
                0x0000965e                _lseek
 .text._swiwrite
                0x00009666       0x20 c:/nxp/mcuxpressoide_10.2.1_795/ide/tools/bin/../lib/gcc/arm-none-eabi/7.2.1/../../../../arm-none-eabi/lib/thumb/v6-m\libcr_newlib_semihost.a(syscalls.o)
                0x00009666                _swiwrite
 .text._write   0x00009686       0x3e c:/nxp/mcuxpressoide_10.2.1_795/ide/tools/bin/../lib/gcc/arm-none-eabi/7.2.1/../../../../arm-none-eabi/lib/thumb/v6-m\libcr_newlib_semihost.a(syscalls.o)
                0x00009686                _write
 .text._swiclose
                0x000096c4       0x18 c:/nxp/mcuxpressoide_10.2.1_795/ide/tools/bin/../lib/gcc/arm-none-eabi/7.2.1/../../../../arm-none-eabi/lib/thumb/v6-m\libcr_newlib_semihost.a(syscalls.o)
                0x000096c4                _swiclose
 .text._close   0x000096dc       0x4c c:/nxp/mcuxpressoide_10.2.1_795/ide/tools/bin/../lib/gcc/arm-none-eabi/7.2.1/../../../../arm-none-eabi/lib/thumb/v6-m\libcr_newlib_semihost.a(syscalls.o)
                0x000096dc                _close
 .text._getpid  0x00009728        0x4 c:/nxp/mcuxpressoide_10.2.1_795/ide/tools/bin/../lib/gcc/arm-none-eabi/7.2.1/../../../../arm-none-eabi/lib/thumb/v6-m\libcr_newlib_semihost.a(syscalls.o)
                0x00009728                _getpid
 .text._swistat
                0x0000972c       0x44 c:/nxp/mcuxpressoide_10.2.1_795/ide/tools/bin/../lib/gcc/arm-none-eabi/7.2.1/../../../../arm-none-eabi/lib/thumb/v6-m\libcr_newlib_semihost.a(syscalls.o)
                0x0000972c                _swistat
 .text._fstat   0x00009770       0x1a c:/nxp/mcuxpressoide_10.2.1_795/ide/tools/bin/../lib/gcc/arm-none-eabi/7.2.1/../../../../arm-none-eabi/lib/thumb/v6-m\libcr_newlib_semihost.a(syscalls.o)
                0x00009770                _fstat
 .text._isatty  0x0000978a       0x28 c:/nxp/mcuxpressoide_10.2.1_795/ide/tools/bin/../lib/gcc/arm-none-eabi/7.2.1/../../../../arm-none-eabi/lib/thumb/v6-m\libcr_newlib_semihost.a(syscalls.o)
                0x0000978a                _isatty
 *fill*         0x000097b2        0x2 ff
 .text.__check_heap_overflow
                0x000097b4       0x14 c:/nxp/mcuxpressoide_10.2.1_795/ide/tools/bin/../lib/gcc/arm-none-eabi/7.2.1/../../../../arm-none-eabi/lib/thumb/v6-m\libcr_newlib_semihost.a(_cr_check_heap.o)
                0x000097b4                __check_heap_overflow
 .text          0x000097c8       0x48 c:/nxp/mcuxpressoide_10.2.1_795/ide/tools/bin/../lib/gcc/arm-none-eabi/7.2.1/thumb/v6-m\crtbegin.o
 .text.__errno  0x00009810        0xc c:/nxp/mcuxpressoide_10.2.1_795/ide/tools/bin/../lib/gcc/arm-none-eabi/7.2.1/../../../../arm-none-eabi/lib/thumb/v6-m\libc_nano.a(lib_a-errno.o)
                0x00009810                __errno
 *(.rodata .rodata.* .constdata .constdata.*)
 .rodata        0x0000981c       0x28 ./source/pidkl25cpp.o
 .rodata        0x00009844       0x1f ./source/rpm_detect.o
 *fill*         0x00009863        0x1 ff
 .rodata        0x00009864        0x5 ./freertos/tasks.o
 *fill*         0x00009869        0x3 ff
 .rodata        0x0000986c        0xd ./freertos/timers.o
 *fill*         0x00009879        0x3 ff
 .rodata.prvProcessReceivedCommands
                0x0000987c       0x28 ./freertos/timers.o
 .rodata        0x000098a4       0x47 ./drivers/fsl_clock.o
 *fill*         0x000098eb        0x1 ff
 .rodata.__func__.5287
                0x000098ec       0x17 ./drivers/fsl_clock.o
 *fill*         0x00009903        0x1 ff
 .rodata.fllFactorTable.5393
                0x00009904       0x10 ./drivers/fsl_clock.o
 .rodata.__func__.5408
                0x00009914       0x12 ./drivers/fsl_clock.o
 *fill*         0x00009926        0x2 ff
 .rodata.__func__.5448
                0x00009928       0x11 ./drivers/fsl_clock.o
 *fill*         0x00009939        0x3 ff
 .rodata.__func__.5585
                0x0000993c       0x11 ./drivers/fsl_clock.o
 *fill*         0x0000994d        0x3 ff
 .rodata.__func__.5652
                0x00009950       0x14 ./drivers/fsl_clock.o
 .rodata        0x00009964       0x3e ./drivers/fsl_common.o
 *fill*         0x000099a2        0x2 ff
 .rodata        0x000099a4       0xb2 ./drivers/fsl_lpsci.o
 *fill*         0x00009a56        0x2 ff
 .rodata.__func__.5468
                0x00009a58       0x12 ./drivers/fsl_lpsci.o
 *fill*         0x00009a6a        0x2 ff
 .rodata.__func__.5504
                0x00009a6c        0xb ./drivers/fsl_lpsci.o
 *fill*         0x00009a77        0x1 ff
 .rodata.__func__.5525
                0x00009a78       0x17 ./drivers/fsl_lpsci.o
 *fill*         0x00009a8f        0x1 ff
 .rodata.__func__.5570
                0x00009a90       0x14 ./drivers/fsl_lpsci.o
 .rodata.__func__.5582
                0x00009aa4       0x13 ./drivers/fsl_lpsci.o
 *fill*         0x00009ab7        0x1 ff
 .rodata.s_uartBases
                0x00009ab8        0xc ./drivers/fsl_uart.o
 .rodata.s_uartClock
                0x00009ac4        0xc ./drivers/fsl_uart.o
 .rodata        0x00009ad0       0xaa ./drivers/fsl_uart.o
 *fill*         0x00009b7a        0x2 ff
 .rodata.__func__.5471
                0x00009b7c       0x11 ./drivers/fsl_uart.o
 *fill*         0x00009b8d        0x3 ff
 .rodata.__func__.5487
                0x00009b90        0xa ./drivers/fsl_uart.o
 *fill*         0x00009b9a        0x2 ff
 .rodata.__func__.5500
                0x00009b9c       0x16 ./drivers/fsl_uart.o
 *fill*         0x00009bb2        0x2 ff
 .rodata.__func__.5558
                0x00009bb4       0x12 ./drivers/fsl_uart.o
 *fill*         0x00009bc6        0x2 ff
 .rodata.mcgConfig_BOARD_BootClockRUN
                0x00009bc8        0xa ./board/clock_config.o
                0x00009bc8                mcgConfig_BOARD_BootClockRUN
 *fill*         0x00009bd2        0x2 ff
 .rodata.simConfig_BOARD_BootClockRUN
                0x00009bd4        0x8 ./board/clock_config.o
                0x00009bd4                simConfig_BOARD_BootClockRUN
 .rodata.oscConfig_BOARD_BootClockRUN
                0x00009bdc        0x8 ./board/clock_config.o
                0x00009bdc                oscConfig_BOARD_BootClockRUN
 .rodata        0x00009be4       0x40 c:/nxp/mcuxpressoide_10.2.1_795/ide/tools/bin/../lib/gcc/arm-none-eabi/7.2.1/thumb/v6-m\libgcc.a(divdf3.o)
 .rodata        0x00009c24       0x40 c:/nxp/mcuxpressoide_10.2.1_795/ide/tools/bin/../lib/gcc/arm-none-eabi/7.2.1/thumb/v6-m\libgcc.a(muldf3.o)
 .rodata.__sf_fake_stderr
                0x00009c64       0x20 c:/nxp/mcuxpressoide_10.2.1_795/ide/tools/bin/../lib/gcc/arm-none-eabi/7.2.1/../../../../arm-none-eabi/lib/thumb/v6-m\libc_nano.a(lib_a-findfp.o)
                0x00009c64                __sf_fake_stderr
 .rodata.__sf_fake_stdin
                0x00009c84       0x20 c:/nxp/mcuxpressoide_10.2.1_795/ide/tools/bin/../lib/gcc/arm-none-eabi/7.2.1/../../../../arm-none-eabi/lib/thumb/v6-m\libc_nano.a(lib_a-findfp.o)
                0x00009c84                __sf_fake_stdin
 .rodata.__sf_fake_stdout
                0x00009ca4       0x20 c:/nxp/mcuxpressoide_10.2.1_795/ide/tools/bin/../lib/gcc/arm-none-eabi/7.2.1/../../../../arm-none-eabi/lib/thumb/v6-m\libc_nano.a(lib_a-findfp.o)
                0x00009ca4                __sf_fake_stdout
 .rodata._global_impure_ptr
                0x00009cc4        0x4 c:/nxp/mcuxpressoide_10.2.1_795/ide/tools/bin/../lib/gcc/arm-none-eabi/7.2.1/../../../../arm-none-eabi/lib/thumb/v6-m\libc_nano.a(lib_a-impure.o)
                0x00009cc4                _global_impure_ptr
 .rodata._vfprintf_r.str1.1
                0x00009cc8       0x11 c:/nxp/mcuxpressoide_10.2.1_795/ide/tools/bin/../lib/gcc/arm-none-eabi/7.2.1/../../../../arm-none-eabi/lib/thumb/v6-m\libc_nano.a(lib_a-nano-vfprintf.o)
 .rodata._printf_i.str1.1
                0x00009cd9       0x22 c:/nxp/mcuxpressoide_10.2.1_795/ide/tools/bin/../lib/gcc/arm-none-eabi/7.2.1/../../../../arm-none-eabi/lib/thumb/v6-m\libc_nano.a(lib_a-nano-vfprintf_i.o)
 .rodata.__svfscanf_r.str1.1
                0x00009cfb        0x4 c:/nxp/mcuxpressoide_10.2.1_795/ide/tools/bin/../lib/gcc/arm-none-eabi/7.2.1/../../../../arm-none-eabi/lib/thumb/v6-m\libc_nano.a(lib_a-nano-vfscanf.o)
 *fill*         0x00009cfb        0x1 ff
 .rodata        0x00009cfc        0xc c:/nxp/mcuxpressoide_10.2.1_795/ide/tools/bin/../lib/gcc/arm-none-eabi/7.2.1/../../../../arm-none-eabi/lib/thumb/v6-m\libc_nano.a(lib_a-nano-vfscanf_i.o)
 .rodata._scanf_i.str1.1
                0x00009d08       0x12 c:/nxp/mcuxpressoide_10.2.1_795/ide/tools/bin/../lib/gcc/arm-none-eabi/7.2.1/../../../../arm-none-eabi/lib/thumb/v6-m\libc_nano.a(lib_a-nano-vfscanf_i.o)
 .rodata.str1.1
                0x00009d1a        0x9 c:/nxp/mcuxpressoide_10.2.1_795/ide/tools/bin/../lib/gcc/arm-none-eabi/7.2.1/../../../../arm-none-eabi/lib/thumb/v6-m\libc_nano.a(lib_a-nano-vfscanf_i.o)
 .rodata._setlocale_r.str1.1
                0x00009d23        0x8 c:/nxp/mcuxpressoide_10.2.1_795/ide/tools/bin/../lib/gcc/arm-none-eabi/7.2.1/../../../../arm-none-eabi/lib/thumb/v6-m\libc_nano.a(lib_a-locale.o)
                                  0x9 (size before relaxing)
 .rodata.str1.1
                0x00009d2b        0x2 c:/nxp/mcuxpressoide_10.2.1_795/ide/tools/bin/../lib/gcc/arm-none-eabi/7.2.1/../../../../arm-none-eabi/lib/thumb/v6-m\libc_nano.a(lib_a-locale.o)
 .rodata._ctype_
                0x00009d2d      0x101 c:/nxp/mcuxpressoide_10.2.1_795/ide/tools/bin/../lib/gcc/arm-none-eabi/7.2.1/../../../../arm-none-eabi/lib/thumb/v6-m\libc_nano.a(lib_a-ctype_.o)
                0x00009d2d                _ctype_
 .rodata.initialise_monitor_handles.part.0.str1.1
                0x00009e2e        0x4 c:/nxp/mcuxpressoide_10.2.1_795/ide/tools/bin/../lib/gcc/arm-none-eabi/7.2.1/../../../../arm-none-eabi/lib/thumb/v6-m\libcr_newlib_semihost.a(syscalls.o)
                0x00009e34                . = ALIGN (0x4)
 *fill*         0x00009e32        0x2 ff
                0x00009e34                . = ALIGN (0x4)
 *(.init)
 .init          0x00009e34        0x4 c:/nxp/mcuxpressoide_10.2.1_795/ide/tools/bin/../lib/gcc/arm-none-eabi/7.2.1/thumb/v6-m\crti.o
                0x00009e34                _init
 .init          0x00009e38        0x8 c:/nxp/mcuxpressoide_10.2.1_795/ide/tools/bin/../lib/gcc/arm-none-eabi/7.2.1/thumb/v6-m\crtn.o
                0x00009e40                . = ALIGN (0x4)
                0x00009e40                __preinit_array_start = .
 *(.preinit_array)
                0x00009e40                __preinit_array_end = .
                0x00009e40                . = ALIGN (0x4)
                0x00009e40                __init_array_start = .
 *(SORT_BY_NAME(.init_array.*))
 *(.init_array)
 .init_array    0x00009e40        0x4 c:/nxp/mcuxpressoide_10.2.1_795/ide/tools/bin/../lib/gcc/arm-none-eabi/7.2.1/thumb/v6-m\crtbegin.o
                0x00009e44                __init_array_end = .
 *(.fini)
 .fini          0x00009e44        0x4 c:/nxp/mcuxpressoide_10.2.1_795/ide/tools/bin/../lib/gcc/arm-none-eabi/7.2.1/thumb/v6-m\crti.o
                0x00009e44                _fini
 .fini          0x00009e48        0x8 c:/nxp/mcuxpressoide_10.2.1_795/ide/tools/bin/../lib/gcc/arm-none-eabi/7.2.1/thumb/v6-m\crtn.o
                0x00009e50                . = ALIGN (0x4)
 *crtbegin.o(.ctors)
 *(EXCLUDE_FILE(*crtend.o) .ctors)
 *(SORT_BY_NAME(.ctors.*))
 *crtend.o(.ctors)
                0x00009e50                . = ALIGN (0x4)
 *crtbegin.o(.dtors)
 *(EXCLUDE_FILE(*crtend.o) .dtors)
 *(SORT_BY_NAME(.dtors.*))
 *crtend.o(.dtors)
                0x00009e50                . = ALIGN (0x4)

.glue_7         0x00009e50        0x0
 .glue_7        0x00009e50        0x0 linker stubs

.glue_7t        0x00009e50        0x0
 .glue_7t       0x00009e50        0x0 linker stubs

.vfp11_veneer   0x00009e50        0x0
 .vfp11_veneer  0x00009e50        0x0 linker stubs

.v4_bx          0x00009e50        0x0
 .v4_bx         0x00009e50        0x0 linker stubs

.iplt           0x00009e50        0x0
 .iplt          0x00009e50        0x0 ./utilities/fsl_debug_console.o

.ARM.extab      0x00009e50       0x54
 *(.ARM.extab* .gnu.linkonce.armextab.*)
 .ARM.extab     0x00009e50       0x18 ./source/pidkl25cpp.o
 .ARM.extab     0x00009e68        0xc ./source/rpm_detect.o
 .ARM.extab     0x00009e74       0x24 c:/nxp/mcuxpressoide_10.2.1_795/ide/tools/bin/../lib/gcc/arm-none-eabi/7.2.1/thumb/v6-m\libgcc.a(unwind-arm.o)
 .ARM.extab     0x00009e98        0xc c:/nxp/mcuxpressoide_10.2.1_795/ide/tools/bin/../lib/gcc/arm-none-eabi/7.2.1/thumb/v6-m\libgcc.a(pr-support.o)
                0x00009ea4                __exidx_start = .

.eh_frame       0x00009ea4        0x0
 .eh_frame      0x00009ea4        0x0 c:/nxp/mcuxpressoide_10.2.1_795/ide/tools/bin/../lib/gcc/arm-none-eabi/7.2.1/thumb/v6-m\crtbegin.o

.ARM.exidx      0x00009ea4      0x120
 *(.ARM.exidx* .gnu.linkonce.armexidx.*)
 .ARM.exidx.after_vectors.init_data
                0x00009ea4        0x8 ./startup/startup_mkl25z4.o
 .ARM.exidx.after_vectors.init_bss
                0x00009eac        0x0 ./startup/startup_mkl25z4.o
                                  0x8 (size before relaxing)
 .ARM.exidx.after_vectors.reset
                0x00009eac        0x8 ./startup/startup_mkl25z4.o
 .ARM.exidx.after_vectors
                0x00009eb4       0x18 ./startup/startup_mkl25z4.o
                                0x130 (size before relaxing)
 .ARM.exidx     0x00009ecc       0x20 ./source/pidkl25cpp.o
 .ARM.exidx     0x00009eec       0x18 ./source/rpm_detect.o
                                 0x30 (size before relaxing)
 .ARM.exidx     0x00009f04        0x0 ./source/servo_driver.o
                                 0x38 (size before relaxing)
 .ARM.exidx     0x00009f04       0x90 c:/nxp/mcuxpressoide_10.2.1_795/ide/tools/bin/../lib/gcc/arm-none-eabi/7.2.1/thumb/v6-m\libgcc.a(unwind-arm.o)
                                 0xd8 (size before relaxing)
 .ARM.exidx     0x00009f94       0x30 c:/nxp/mcuxpressoide_10.2.1_795/ide/tools/bin/../lib/gcc/arm-none-eabi/7.2.1/thumb/v6-m\libgcc.a(pr-support.o)
                                 0x48 (size before relaxing)
                0x00009fc4                __exidx_end = .
                0x00009fc4                _etext = .

.rel.dyn        0x00009fc4        0x0
 .rel.iplt      0x00009fc4        0x0 ./utilities/fsl_debug_console.o

.m_usb_data
 *(m_usb_bdt)

.mtb_buffer_default
                0x1ffff000       0x80
 *(.mtb*)
 .mtb.$RAM1     0x1ffff000       0x80 ./source/mtb.o
                0x1ffff000                __mtb_buffer__

.uninit_RESERVED
                0x1ffff080        0x0
 *(.bss.$RESERVED*)
                0x1ffff080                . = ALIGN (0x4)
                0x1ffff080                _end_uninit_RESERVED = .

.data           0x1ffff080      0x210 load address 0x00009fc4
 FILL mask 0xff
                0x1ffff080                _data = .
 *(vtable)
 *(.ramfunc*)
 *(.data*)
 .data          0x1ffff080       0x34 ./source/pidkl25cpp.o
                0x1ffff080                alpha
                0x1ffff088                kp
                0x1ffff090                ki
                0x1ffff098                kd
                0x1ffff0a0                setpointWeight
                0x1ffff0a8                throttleopen
                0x1ffff0b0                MAX_RPM
 .data.uxCriticalNesting
                0x1ffff0b4        0x4 ./freertos/port.o
 .data.s_slowIrcFreq
                0x1ffff0b8        0x4 ./drivers/fsl_clock.o
 .data.SystemCoreClock
                0x1ffff0bc        0x4 ./CMSIS/system_MKL25Z4.o
                0x1ffff0bc                SystemCoreClock
 .data._impure_ptr
                0x1ffff0c0        0x4 c:/nxp/mcuxpressoide_10.2.1_795/ide/tools/bin/../lib/gcc/arm-none-eabi/7.2.1/../../../../arm-none-eabi/lib/thumb/v6-m\libc_nano.a(lib_a-impure.o)
                0x1ffff0c0                _impure_ptr
 .data.impure_data
                0x1ffff0c4       0x60 c:/nxp/mcuxpressoide_10.2.1_795/ide/tools/bin/../lib/gcc/arm-none-eabi/7.2.1/../../../../arm-none-eabi/lib/thumb/v6-m\libc_nano.a(lib_a-impure.o)
 .data.__global_locale
                0x1ffff124      0x16c c:/nxp/mcuxpressoide_10.2.1_795/ide/tools/bin/../lib/gcc/arm-none-eabi/7.2.1/../../../../arm-none-eabi/lib/thumb/v6-m\libc_nano.a(lib_a-locale.o)
                0x1ffff124                __global_locale
                0x1ffff290                . = ALIGN (0x4)
                0x1ffff290                _edata = .

.igot.plt       0x1ffff290        0x0 load address 0x0000a1d4
 .igot.plt      0x1ffff290        0x0 ./utilities/fsl_debug_console.o

.bss            0x1ffff290     0x2aa4 load address 0x0000a1d4
                0x1ffff290                _bss = .
 *(.bss*)
 .bss.s_debugConsole
                0x1ffff290       0x10 ./utilities/fsl_debug_console.o
 .bss           0x1ffff2a0       0x68 ./source/pidkl25cpp.o
                0x1ffff2a0                measuredSpeed
                0x1ffff2a8                K1
                0x1ffff2b0                K2
                0x1ffff2b8                K3
                0x1ffff2c0                lowpassSpeed
                0x1ffff2c8                setpointSpeed
                0x1ffff2d0                output
                0x1ffff2d8                throttlePos
                0x1ffff2dc                rpmch
                0x1ffff2e0                lastSetpointSpeed
                0x1ffff2e8                lastMeasuredSpeed
                0x1ffff2f0                lastLowpassSpeed
                0x1ffff2f8                lastOutput
                0x1ffff300                lastLastMeasuredSpeed
 .bss           0x1ffff308       0x10 ./source/rpm_detect.o
                0x1ffff30c                count
 .bss           0x1ffff318        0x4 ./source/servo_driver.o
                0x1ffff318                i
 .bss.ucHeap    0x1ffff31c     0x2800 ./freertos/heap_4.o
 .bss.xStart    0x20001b1c        0x8 ./freertos/heap_4.o
 .bss.pxEnd     0x20001b24        0x4 ./freertos/heap_4.o
 .bss.xFreeBytesRemaining
                0x20001b28        0x4 ./freertos/heap_4.o
 .bss.xMinimumEverFreeBytesRemaining
                0x20001b2c        0x4 ./freertos/heap_4.o
 .bss.xBlockAllocatedBit
                0x20001b30        0x4 ./freertos/heap_4.o
 .bss.xQueueRegistry
                0x20001b34       0x40 ./freertos/queue.o
                0x20001b34                xQueueRegistry
 .bss.pxCurrentTCB
                0x20001b74        0x4 ./freertos/tasks.o
                0x20001b74                pxCurrentTCB
 .bss.pxReadyTasksLists
                0x20001b78       0x64 ./freertos/tasks.o
 .bss.xDelayedTaskList1
                0x20001bdc       0x14 ./freertos/tasks.o
 .bss.xDelayedTaskList2
                0x20001bf0       0x14 ./freertos/tasks.o
 .bss.pxDelayedTaskList
                0x20001c04        0x4 ./freertos/tasks.o
 .bss.pxOverflowDelayedTaskList
                0x20001c08        0x4 ./freertos/tasks.o
 .bss.xPendingReadyList
                0x20001c0c       0x14 ./freertos/tasks.o
 .bss.xTasksWaitingTermination
                0x20001c20       0x14 ./freertos/tasks.o
 .bss.uxDeletedTasksWaitingCleanUp
                0x20001c34        0x4 ./freertos/tasks.o
 .bss.xSuspendedTaskList
                0x20001c38       0x14 ./freertos/tasks.o
 .bss.uxCurrentNumberOfTasks
                0x20001c4c        0x4 ./freertos/tasks.o
 .bss.xTickCount
                0x20001c50        0x4 ./freertos/tasks.o
 .bss.uxTopReadyPriority
                0x20001c54        0x4 ./freertos/tasks.o
 .bss.xSchedulerRunning
                0x20001c58        0x4 ./freertos/tasks.o
 .bss.uxPendedTicks
                0x20001c5c        0x4 ./freertos/tasks.o
 .bss.xYieldPending
                0x20001c60        0x4 ./freertos/tasks.o
 .bss.xNumOfOverflows
                0x20001c64        0x4 ./freertos/tasks.o
 .bss.uxTaskNumber
                0x20001c68        0x4 ./freertos/tasks.o
 .bss.xNextTaskUnblockTime
                0x20001c6c        0x4 ./freertos/tasks.o
 .bss.xIdleTaskHandle
                0x20001c70        0x4 ./freertos/tasks.o
 .bss.uxSchedulerSuspended
                0x20001c74        0x4 ./freertos/tasks.o
 .bss.xActiveTimerList1
                0x20001c78       0x14 ./freertos/timers.o
 .bss.xActiveTimerList2
                0x20001c8c       0x14 ./freertos/timers.o
 .bss.pxCurrentTimerList
                0x20001ca0        0x4 ./freertos/timers.o
 .bss.pxOverflowTimerList
                0x20001ca4        0x4 ./freertos/timers.o
 .bss.xTimerQueue
                0x20001ca8        0x4 ./freertos/timers.o
 .bss.xTimerTaskHandle
                0x20001cac        0x4 ./freertos/timers.o
 .bss.xLastTime.4909
                0x20001cb0        0x4 ./freertos/timers.o
 .bss.g_xtal0Freq
                0x20001cb4        0x4 ./drivers/fsl_clock.o
                0x20001cb4                g_xtal0Freq
 .bss.s_lpsciHandle
                0x20001cb8        0x4 ./drivers/fsl_lpsci.o
 .bss.s_lpsciIsr
                0x20001cbc        0x4 ./drivers/fsl_lpsci.o
 .bss.s_uartHandle
                0x20001cc0        0xc ./drivers/fsl_uart.o
 .bss.s_uartIsr
                0x20001ccc        0x4 ./drivers/fsl_uart.o
 .bss.__malloc_free_list
                0x20001cd0        0x4 c:/nxp/mcuxpressoide_10.2.1_795/ide/tools/bin/../lib/gcc/arm-none-eabi/7.2.1/../../../../arm-none-eabi/lib/thumb/v6-m\libc_nano.a(lib_a-nano-mallocr.o)
                0x20001cd0                __malloc_free_list
 .bss.__malloc_sbrk_start
                0x20001cd4        0x4 c:/nxp/mcuxpressoide_10.2.1_795/ide/tools/bin/../lib/gcc/arm-none-eabi/7.2.1/../../../../arm-none-eabi/lib/thumb/v6-m\libc_nano.a(lib_a-nano-mallocr.o)
                0x20001cd4                __malloc_sbrk_start
 .bss.__end_of_heap
                0x20001cd8        0x4 c:/nxp/mcuxpressoide_10.2.1_795/ide/tools/bin/../lib/gcc/arm-none-eabi/7.2.1/../../../../arm-none-eabi/lib/thumb/v6-m\libcr_newlib_semihost.a(_cr_sbrk.o)
                0x20001cd8                __end_of_heap
 .bss.initialized.5662
                0x20001cdc        0x4 c:/nxp/mcuxpressoide_10.2.1_795/ide/tools/bin/../lib/gcc/arm-none-eabi/7.2.1/../../../../arm-none-eabi/lib/thumb/v6-m\libcr_newlib_semihost.a(syscalls.o)
 .bss.monitor_stderr
                0x20001ce0        0x4 c:/nxp/mcuxpressoide_10.2.1_795/ide/tools/bin/../lib/gcc/arm-none-eabi/7.2.1/../../../../arm-none-eabi/lib/thumb/v6-m\libcr_newlib_semihost.a(syscalls.o)
 .bss.monitor_stdin
                0x20001ce4        0x4 c:/nxp/mcuxpressoide_10.2.1_795/ide/tools/bin/../lib/gcc/arm-none-eabi/7.2.1/../../../../arm-none-eabi/lib/thumb/v6-m\libcr_newlib_semihost.a(syscalls.o)
 .bss.monitor_stdout
                0x20001ce8        0x4 c:/nxp/mcuxpressoide_10.2.1_795/ide/tools/bin/../lib/gcc/arm-none-eabi/7.2.1/../../../../arm-none-eabi/lib/thumb/v6-m\libcr_newlib_semihost.a(syscalls.o)
 .bss.openfiles
                0x20001cec       0x28 c:/nxp/mcuxpressoide_10.2.1_795/ide/tools/bin/../lib/gcc/arm-none-eabi/7.2.1/../../../../arm-none-eabi/lib/thumb/v6-m\libcr_newlib_semihost.a(syscalls.o)
 .bss           0x20001d14       0x1c c:/nxp/mcuxpressoide_10.2.1_795/ide/tools/bin/../lib/gcc/arm-none-eabi/7.2.1/thumb/v6-m\crtbegin.o
 *(COMMON)
 COMMON         0x20001d30        0x4 c:/nxp/mcuxpressoide_10.2.1_795/ide/tools/bin/../lib/gcc/arm-none-eabi/7.2.1/../../../../arm-none-eabi/lib/thumb/v6-m\libc_nano.a(lib_a-reent.o)
                0x20001d30                errno
                0x20001d34                . = ALIGN (0x4)
                0x20001d34                _ebss = .
                [!provide]                PROVIDE (end, .)

.noinit         0x20001d34        0x0 load address 0x0000a1d4
                0x20001d34                _noinit = .
 *(.noinit*)
                0x20001d34                . = ALIGN (0x4)
                0x20001d34                _end_noinit = .
                0x00000400                _HeapSize = 0x400

.heap           0x20001d34      0x400 load address 0x0000a1d4
                0x20001d34                _pvHeapStart = .
                0x20002134                . = (. + _HeapSize)
 *fill*         0x20001d34      0x400 
                0x20002134                . = ALIGN (0x4)
                0x20002134                _pvHeapLimit = .
                0x00000400                _StackSize = 0x400

.heap2stackfill
                0x20002134      0x400 load address 0x0000a1d4
                0x20002534                . = (. + _StackSize)
 *fill*         0x20002134      0x400 

.stack          0x20002c00        0x0
                0x20002c00                _vStackBase = .
                0x20002c00                . = ALIGN (0x4)
                0x20003000                _vStackTop = (. + _StackSize)
                0x00000000                _image_start = LOADADDR (.text)
                0x0000a1d4                _image_end = (LOADADDR (.data) + SIZEOF (.data))
                0x0000a1d4                _image_size = (_image_end - _image_start)
OUTPUT(pidkl25cpp.axf elf32-littlearm)

.debug_info     0x00000000    0x14c23
 .debug_info    0x00000000     0x109e ./utilities/fsl_debug_console.o
 .debug_info    0x0000109e      0x49e ./startup/startup_mkl25z4.o
 .debug_info    0x0000153c       0x52 ./source/mtb.o
 .debug_info    0x0000158e      0xf46 ./source/pidkl25cpp.o
 .debug_info    0x000024d4     0x1461 ./source/rpm_detect.o
 .debug_info    0x00003935       0x3b ./source/semihost_hardfault.o
 .debug_info    0x00003970     0x14f3 ./source/servo_driver.o
 .debug_info    0x00004e63       0xbb ./freertos/fsl_tickless_lptmr.o
 .debug_info    0x00004f1e      0xb08 ./freertos/heap_4.o
 .debug_info    0x00005a26      0xac5 ./freertos/list.o
 .debug_info    0x000064eb      0x234 ./freertos/port.o
 .debug_info    0x0000671f     0x1631 ./freertos/queue.o
 .debug_info    0x00007d50     0x1f67 ./freertos/tasks.o
 .debug_info    0x00009cb7     0x12e8 ./freertos/timers.o
 .debug_info    0x0000af9f     0x225e ./drivers/fsl_clock.o
 .debug_info    0x0000d1fd      0xc3e ./drivers/fsl_common.o
 .debug_info    0x0000de3b     0x1dd2 ./drivers/fsl_lpsci.o
 .debug_info    0x0000fc0d     0x1d58 ./drivers/fsl_uart.o
 .debug_info    0x00011965      0xea0 ./board/board.o
 .debug_info    0x00012805     0x1285 ./board/clock_config.o
 .debug_info    0x00013a8a       0x3b ./board/peripherals.o
 .debug_info    0x00013ac5      0xd74 ./board/pin_mux.o
 .debug_info    0x00014839      0x3ea ./CMSIS/system_MKL25Z4.o

.debug_abbrev   0x00000000     0x3218
 .debug_abbrev  0x00000000      0x294 ./utilities/fsl_debug_console.o
 .debug_abbrev  0x00000294      0x163 ./startup/startup_mkl25z4.o
 .debug_abbrev  0x000003f7       0x44 ./source/mtb.o
 .debug_abbrev  0x0000043b      0x28f ./source/pidkl25cpp.o
 .debug_abbrev  0x000006ca      0x2d1 ./source/rpm_detect.o
 .debug_abbrev  0x0000099b       0x2f ./source/semihost_hardfault.o
 .debug_abbrev  0x000009ca      0x2e0 ./source/servo_driver.o
 .debug_abbrev  0x00000caa       0x63 ./freertos/fsl_tickless_lptmr.o
 .debug_abbrev  0x00000d0d      0x273 ./freertos/heap_4.o
 .debug_abbrev  0x00000f80      0x1fe ./freertos/list.o
 .debug_abbrev  0x0000117e      0x16f ./freertos/port.o
 .debug_abbrev  0x000012ed      0x2a8 ./freertos/queue.o
 .debug_abbrev  0x00001595      0x339 ./freertos/tasks.o
 .debug_abbrev  0x000018ce      0x2b0 ./freertos/timers.o
 .debug_abbrev  0x00001b7e      0x3df ./drivers/fsl_clock.o
 .debug_abbrev  0x00001f5d      0x32e ./drivers/fsl_common.o
 .debug_abbrev  0x0000228b      0x375 ./drivers/fsl_lpsci.o
 .debug_abbrev  0x00002600      0x38d ./drivers/fsl_uart.o
 .debug_abbrev  0x0000298d      0x228 ./board/board.o
 .debug_abbrev  0x00002bb5      0x2b5 ./board/clock_config.o
 .debug_abbrev  0x00002e6a       0x2f ./board/peripherals.o
 .debug_abbrev  0x00002e99      0x269 ./board/pin_mux.o
 .debug_abbrev  0x00003102      0x116 ./CMSIS/system_MKL25Z4.o

.debug_aranges  0x00000000      0xc90
 .debug_aranges
                0x00000000       0x48 ./utilities/fsl_debug_console.o
 .debug_aranges
                0x00000048      0x160 ./startup/startup_mkl25z4.o
 .debug_aranges
                0x000001a8       0x18 ./source/mtb.o
 .debug_aranges
                0x000001c0       0x20 ./source/pidkl25cpp.o
 .debug_aranges
                0x000001e0       0x20 ./source/rpm_detect.o
 .debug_aranges
                0x00000200       0x20 ./source/semihost_hardfault.o
 .debug_aranges
                0x00000220       0x20 ./source/servo_driver.o
 .debug_aranges
                0x00000240       0x20 ./freertos/fsl_tickless_lptmr.o
 .debug_aranges
                0x00000260       0x50 ./freertos/heap_4.o
 .debug_aranges
                0x000002b0       0x40 ./freertos/list.o
 .debug_aranges
                0x000002f0       0x80 ./freertos/port.o
 .debug_aranges
                0x00000370      0x118 ./freertos/queue.o
 .debug_aranges
                0x00000488      0x1e8 ./freertos/tasks.o
 .debug_aranges
                0x00000670       0xc8 ./freertos/timers.o
 .debug_aranges
                0x00000738      0x1d8 ./drivers/fsl_clock.o
 .debug_aranges
                0x00000910       0x38 ./drivers/fsl_common.o
 .debug_aranges
                0x00000948      0x118 ./drivers/fsl_lpsci.o
 .debug_aranges
                0x00000a60      0x130 ./drivers/fsl_uart.o
 .debug_aranges
                0x00000b90       0x28 ./board/board.o
 .debug_aranges
                0x00000bb8       0x58 ./board/clock_config.o
 .debug_aranges
                0x00000c10       0x20 ./board/peripherals.o
 .debug_aranges
                0x00000c30       0x38 ./board/pin_mux.o
 .debug_aranges
                0x00000c68       0x28 ./CMSIS/system_MKL25Z4.o

.debug_ranges   0x00000000      0xae8
 .debug_ranges  0x00000000       0x38 ./utilities/fsl_debug_console.o
 .debug_ranges  0x00000038      0x150 ./startup/startup_mkl25z4.o
 .debug_ranges  0x00000188       0x10 ./source/semihost_hardfault.o
 .debug_ranges  0x00000198       0x10 ./freertos/fsl_tickless_lptmr.o
 .debug_ranges  0x000001a8       0x40 ./freertos/heap_4.o
 .debug_ranges  0x000001e8       0x30 ./freertos/list.o
 .debug_ranges  0x00000218       0x70 ./freertos/port.o
 .debug_ranges  0x00000288      0x108 ./freertos/queue.o
 .debug_ranges  0x00000390      0x1d8 ./freertos/tasks.o
 .debug_ranges  0x00000568       0xb8 ./freertos/timers.o
 .debug_ranges  0x00000620      0x1c8 ./drivers/fsl_clock.o
 .debug_ranges  0x000007e8       0x28 ./drivers/fsl_common.o
 .debug_ranges  0x00000810      0x108 ./drivers/fsl_lpsci.o
 .debug_ranges  0x00000918      0x120 ./drivers/fsl_uart.o
 .debug_ranges  0x00000a38       0x18 ./board/board.o
 .debug_ranges  0x00000a50       0x48 ./board/clock_config.o
 .debug_ranges  0x00000a98       0x10 ./board/peripherals.o
 .debug_ranges  0x00000aa8       0x28 ./board/pin_mux.o
 .debug_ranges  0x00000ad0       0x18 ./CMSIS/system_MKL25Z4.o

.debug_macro    0x00000000     0xd28f
 .debug_macro   0x00000000      0x2d7 ./utilities/fsl_debug_console.o
 .debug_macro   0x000002d7      0xa72 ./utilities/fsl_debug_console.o
 .debug_macro   0x00000d49       0x58 ./utilities/fsl_debug_console.o
 .debug_macro   0x00000da1       0x17 ./utilities/fsl_debug_console.o
 .debug_macro   0x00000db8       0x22 ./utilities/fsl_debug_console.o
 .debug_macro   0x00000dda       0x52 ./utilities/fsl_debug_console.o
 .debug_macro   0x00000e2c       0x8d ./utilities/fsl_debug_console.o
 .debug_macro   0x00000eb9       0x35 ./utilities/fsl_debug_console.o
 .debug_macro   0x00000eee       0x9c ./utilities/fsl_debug_console.o
 .debug_macro   0x00000f8a       0x16 ./utilities/fsl_debug_console.o
 .debug_macro   0x00000fa0      0x10e ./utilities/fsl_debug_console.o
 .debug_macro   0x000010ae       0x8d ./utilities/fsl_debug_console.o
 .debug_macro   0x0000113b       0x57 ./utilities/fsl_debug_console.o
 .debug_macro   0x00001192       0x58 ./utilities/fsl_debug_console.o
 .debug_macro   0x000011ea       0x1f ./utilities/fsl_debug_console.o
 .debug_macro   0x00001209       0x43 ./utilities/fsl_debug_console.o
 .debug_macro   0x0000124c       0x20 ./utilities/fsl_debug_console.o
 .debug_macro   0x0000126c      0x18e ./utilities/fsl_debug_console.o
 .debug_macro   0x000013fa      0x330 ./utilities/fsl_debug_console.o
 .debug_macro   0x0000172a       0x16 ./utilities/fsl_debug_console.o
 .debug_macro   0x00001740       0x29 ./utilities/fsl_debug_console.o
 .debug_macro   0x00001769      0x1e1 ./utilities/fsl_debug_console.o
 .debug_macro   0x0000194a       0x1c ./utilities/fsl_debug_console.o
 .debug_macro   0x00001966       0x22 ./utilities/fsl_debug_console.o
 .debug_macro   0x00001988       0xef ./utilities/fsl_debug_console.o
 .debug_macro   0x00001a77       0x6a ./utilities/fsl_debug_console.o
 .debug_macro   0x00001ae1      0x1df ./utilities/fsl_debug_console.o
 .debug_macro   0x00001cc0       0x16 ./utilities/fsl_debug_console.o
 .debug_macro   0x00001cd6       0x35 ./utilities/fsl_debug_console.o
 .debug_macro   0x00001d0b       0x10 ./utilities/fsl_debug_console.o
 .debug_macro   0x00001d1b       0x3f ./utilities/fsl_debug_console.o
 .debug_macro   0x00001d5a       0x3a ./utilities/fsl_debug_console.o
 .debug_macro   0x00001d94       0x26 ./utilities/fsl_debug_console.o
 .debug_macro   0x00001dba      0x329 ./utilities/fsl_debug_console.o
 .debug_macro   0x000020e3       0x30 ./utilities/fsl_debug_console.o
 .debug_macro   0x00002113     0x51e2 ./utilities/fsl_debug_console.o
 .debug_macro   0x000072f5     0x1352 ./utilities/fsl_debug_console.o
 .debug_macro   0x00008647       0x3a ./utilities/fsl_debug_console.o
 .debug_macro   0x00008681       0xf4 ./utilities/fsl_debug_console.o
 .debug_macro   0x00008775       0x35 ./utilities/fsl_debug_console.o
 .debug_macro   0x000087aa       0x1c ./utilities/fsl_debug_console.o
 .debug_macro   0x000087c6       0x10 ./utilities/fsl_debug_console.o
 .debug_macro   0x000087d6       0x1c ./utilities/fsl_debug_console.o
 .debug_macro   0x000087f2       0x52 ./utilities/fsl_debug_console.o
 .debug_macro   0x00008844       0x40 ./utilities/fsl_debug_console.o
 .debug_macro   0x00008884       0x10 ./utilities/fsl_debug_console.o
 .debug_macro   0x00008894       0x40 ./utilities/fsl_debug_console.o
 .debug_macro   0x000088d4       0xd7 ./utilities/fsl_debug_console.o
 .debug_macro   0x000089ab       0x1c ./utilities/fsl_debug_console.o
 .debug_macro   0x000089c7       0x3d ./utilities/fsl_debug_console.o
 .debug_macro   0x00008a04       0x16 ./utilities/fsl_debug_console.o
 .debug_macro   0x00008a1a      0x16f ./utilities/fsl_debug_console.o
 .debug_macro   0x00008b89       0x34 ./utilities/fsl_debug_console.o
 .debug_macro   0x00008bbd       0x10 ./utilities/fsl_debug_console.o
 .debug_macro   0x00008bcd       0x10 ./utilities/fsl_debug_console.o
 .debug_macro   0x00008bdd       0x2a ./startup/startup_mkl25z4.o
 .debug_macro   0x00008c07      0xb5c ./startup/startup_mkl25z4.o
 .debug_macro   0x00009763       0x2f ./source/mtb.o
 .debug_macro   0x00009792       0x82 ./source/mtb.o
 .debug_macro   0x00009814       0x10 ./source/mtb.o
 .debug_macro   0x00009824      0x34c ./source/pidkl25cpp.o
 .debug_macro   0x00009b70       0x9c ./source/pidkl25cpp.o
 .debug_macro   0x00009c0c       0x16 ./source/pidkl25cpp.o
 .debug_macro   0x00009c22       0x97 ./source/pidkl25cpp.o
 .debug_macro   0x00009cb9      0x353 ./source/pidkl25cpp.o
 .debug_macro   0x0000a00c      0x104 ./source/pidkl25cpp.o
 .debug_macro   0x0000a110       0x10 ./source/pidkl25cpp.o
 .debug_macro   0x0000a120       0x43 ./source/pidkl25cpp.o
 .debug_macro   0x0000a163      0x137 ./source/pidkl25cpp.o
 .debug_macro   0x0000a29a       0x16 ./source/pidkl25cpp.o
 .debug_macro   0x0000a2b0       0x16 ./source/pidkl25cpp.o
 .debug_macro   0x0000a2c6       0x1c ./source/pidkl25cpp.o
 .debug_macro   0x0000a2e2       0x35 ./source/pidkl25cpp.o
 .debug_macro   0x0000a317      0x329 ./source/pidkl25cpp.o
 .debug_macro   0x0000a640       0x16 ./source/pidkl25cpp.o
 .debug_macro   0x0000a656       0x10 ./source/pidkl25cpp.o
 .debug_macro   0x0000a666      0x112 ./source/pidkl25cpp.o
 .debug_macro   0x0000a778       0x3a ./source/pidkl25cpp.o
 .debug_macro   0x0000a7b2      0x18b ./source/pidkl25cpp.o
 .debug_macro   0x0000a93d      0x168 ./source/pidkl25cpp.o
 .debug_macro   0x0000aaa5       0xb6 ./source/pidkl25cpp.o
 .debug_macro   0x0000ab5b       0x10 ./source/pidkl25cpp.o
 .debug_macro   0x0000ab6b       0x1f ./source/pidkl25cpp.o
 .debug_macro   0x0000ab8a      0x361 ./source/pidkl25cpp.o
 .debug_macro   0x0000aeeb       0xc0 ./source/pidkl25cpp.o
 .debug_macro   0x0000afab       0x8c ./source/pidkl25cpp.o
 .debug_macro   0x0000b037       0x94 ./source/pidkl25cpp.o
 .debug_macro   0x0000b0cb      0x2dc ./source/rpm_detect.o
 .debug_macro   0x0000b3a7       0x11 ./source/semihost_hardfault.o
 .debug_macro   0x0000b3b8      0x2fc ./source/servo_driver.o
 .debug_macro   0x0000b6b4       0xda ./freertos/fsl_tickless_lptmr.o
 .debug_macro   0x0000b78e       0x8e ./freertos/fsl_tickless_lptmr.o
 .debug_macro   0x0000b81c      0x1a2 ./freertos/heap_4.o
 .debug_macro   0x0000b9be      0x17b ./freertos/list.o
 .debug_macro   0x0000bb39       0xec ./freertos/port.o
 .debug_macro   0x0000bc25      0x201 ./freertos/queue.o
 .debug_macro   0x0000be26      0x261 ./freertos/tasks.o
 .debug_macro   0x0000c087       0x11 ./freertos/tasks.o
 .debug_macro   0x0000c098      0x1ae ./freertos/timers.o
 .debug_macro   0x0000c246      0x26a ./drivers/fsl_clock.o
 .debug_macro   0x0000c4b0       0x10 ./drivers/fsl_clock.o
 .debug_macro   0x0000c4c0      0x288 ./drivers/fsl_common.o
 .debug_macro   0x0000c748      0x1c0 ./drivers/fsl_lpsci.o
 .debug_macro   0x0000c908      0x1c6 ./drivers/fsl_uart.o
 .debug_macro   0x0000cace      0x2b1 ./board/board.o
 .debug_macro   0x0000cd7f       0x58 ./board/board.o
 .debug_macro   0x0000cdd7      0x1f7 ./board/clock_config.o
 .debug_macro   0x0000cfce       0x1b ./board/peripherals.o
 .debug_macro   0x0000cfe9      0x1db ./board/pin_mux.o
 .debug_macro   0x0000d1c4       0x10 ./board/pin_mux.o
 .debug_macro   0x0000d1d4       0xbb ./CMSIS/system_MKL25Z4.o

.debug_line     0x00000000     0x70e7
 .debug_line    0x00000000      0x506 ./utilities/fsl_debug_console.o
 .debug_line    0x00000506      0x13a ./startup/startup_mkl25z4.o
 .debug_line    0x00000640       0x9a ./source/mtb.o
 .debug_line    0x000006da      0x58f ./source/pidkl25cpp.o
 .debug_line    0x00000c69      0x4c5 ./source/rpm_detect.o
 .debug_line    0x0000112e       0x54 ./source/semihost_hardfault.o
 .debug_line    0x00001182      0x4eb ./source/servo_driver.o
 .debug_line    0x0000166d      0x28f ./freertos/fsl_tickless_lptmr.o
 .debug_line    0x000018fc      0x402 ./freertos/heap_4.o
 .debug_line    0x00001cfe      0x358 ./freertos/list.o
 .debug_line    0x00002056      0x390 ./freertos/port.o
 .debug_line    0x000023e6      0x945 ./freertos/queue.o
 .debug_line    0x00002d2b      0xe47 ./freertos/tasks.o
 .debug_line    0x00003b72      0x5de ./freertos/timers.o
 .debug_line    0x00004150      0xad1 ./drivers/fsl_clock.o
 .debug_line    0x00004c21      0x498 ./drivers/fsl_common.o
 .debug_line    0x000050b9      0x880 ./drivers/fsl_lpsci.o
 .debug_line    0x00005939      0x883 ./drivers/fsl_uart.o
 .debug_line    0x000061bc      0x463 ./board/board.o
 .debug_line    0x0000661f      0x411 ./board/clock_config.o
 .debug_line    0x00006a30       0x58 ./board/peripherals.o
 .debug_line    0x00006a88      0x3ac ./board/pin_mux.o
 .debug_line    0x00006e34      0x2b3 ./CMSIS/system_MKL25Z4.o
